DEBUG - 2026-03-31 00:21:27 --> Session: Class initialized using 'CodeIgniter\Session\Handlers\FileHandler' driver.
DEBUG - 2026-03-31 00:21:30 --> Session: Class initialized using 'CodeIgniter\Session\Handlers\FileHandler' driver.
DEBUG - 2026-03-31 00:21:32 --> Session: Class initialized using 'CodeIgniter\Session\Handlers\FileHandler' driver.
DEBUG - 2026-03-31 00:21:36 --> Session: Class initialized using 'CodeIgniter\Session\Handlers\FileHandler' driver.
DEBUG - 2026-03-31 00:21:56 --> Session: Class initialized using 'CodeIgniter\Session\Handlers\FileHandler' driver.
DEBUG - 2026-03-31 00:21:56 --> Session: Class initialized using 'CodeIgniter\Session\Handlers\FileHandler' driver.
DEBUG - 2026-03-31 00:23:58 --> Session: Class initialized using 'CodeIgniter\Session\Handlers\FileHandler' driver.
DEBUG - 2026-03-31 00:25:05 --> Session: Class initialized using 'CodeIgniter\Session\Handlers\FileHandler' driver.
WARNING - 2026-03-31 00:25:05 --> [DEPRECATED] strtotime(): Passing null to parameter #1 ($datetime) of type string is deprecated in APPPATH\Views\feed\index.php on line 255.
 1 APPPATH\Views\feed\index.php(255): strtotime(null)
 2 SYSTEMPATH\View\View.php(240): include('C:\\Users\\Usuario\\Desktop\\rede-social\\app\\Views\\feed\\index.php')
 3 SYSTEMPATH\View\View.php(243): CodeIgniter\View\View->CodeIgniter\View\{closure}()
 4 SYSTEMPATH\Common.php(1250): CodeIgniter\View\View->render('feed/index', [], true)
 5 APPPATH\Controllers\PostController.php(24): view('feed/index', [...])
 6 SYSTEMPATH\CodeIgniter.php(951): App\Controllers\PostController->index()
 7 SYSTEMPATH\CodeIgniter.php(497): CodeIgniter\CodeIgniter->runController(Object(App\Controllers\PostController))
 8 SYSTEMPATH\CodeIgniter.php(340): CodeIgniter\CodeIgniter->handleRequest(null, Object(Config\Cache), false)
 9 SYSTEMPATH\Boot.php(417): CodeIgniter\CodeIgniter->run()
10 SYSTEMPATH\Boot.php(68): CodeIgniter\Boot::runCodeIgniter(Object(CodeIgniter\CodeIgniter))
11 FCPATH\index.php(59): CodeIgniter\Boot::bootWeb(Object(Config\Paths))
12 SYSTEMPATH\rewrite.php(44): require_once('C:\\Users\\Usuario\\Desktop\\rede-social\\public\\index.php')
CRITICAL - 2026-03-31 00:25:05 --> ErrorException: Undefined array key "user_id"
[Method: GET, Route: feed]
in APPPATH\Views\feed\index.php on line 258.
 1 APPPATH\Views\feed\index.php(258): CodeIgniter\Debug\Exceptions->errorHandler(2, 'Undefined array key "user_id"', 'C:\\Users\\Usuario\\Desktop\\rede-social\\app\\Views\\feed\\index.php', 258)
 2 SYSTEMPATH\View\View.php(240): include('C:\\Users\\Usuario\\Desktop\\rede-social\\app\\Views\\feed\\index.php')
 3 SYSTEMPATH\View\View.php(243): CodeIgniter\View\View->CodeIgniter\View\{closure}()
 4 SYSTEMPATH\Common.php(1250): CodeIgniter\View\View->render('feed/index', [], true)
 5 APPPATH\Controllers\PostController.php(24): view('feed/index', [...])
 6 SYSTEMPATH\CodeIgniter.php(951): App\Controllers\PostController->index()
 7 SYSTEMPATH\CodeIgniter.php(497): CodeIgniter\CodeIgniter->runController(Object(App\Controllers\PostController))
 8 SYSTEMPATH\CodeIgniter.php(340): CodeIgniter\CodeIgniter->handleRequest(null, Object(Config\Cache), false)
 9 SYSTEMPATH\Boot.php(417): CodeIgniter\CodeIgniter->run()
10 SYSTEMPATH\Boot.php(68): CodeIgniter\Boot::runCodeIgniter(Object(CodeIgniter\CodeIgniter))
11 FCPATH\index.php(59): CodeIgniter\Boot::bootWeb(Object(Config\Paths))
12 SYSTEMPATH\rewrite.php(44): require_once('C:\\Users\\Usuario\\Desktop\\rede-social\\public\\index.php')
DEBUG - 2026-03-31 00:25:26 --> Session: Class initialized using 'CodeIgniter\Session\Handlers\FileHandler' driver.
DEBUG - 2026-03-31 00:25:27 --> Session: Class initialized using 'CodeIgniter\Session\Handlers\FileHandler' driver.
DEBUG - 2026-03-31 00:25:37 --> Session: Class initialized using 'CodeIgniter\Session\Handlers\FileHandler' driver.
DEBUG - 2026-03-31 00:27:27 --> Session: Class initialized using 'CodeIgniter\Session\Handlers\FileHandler' driver.
DEBUG - 2026-03-31 00:27:30 --> Session: Class initialized using 'CodeIgniter\Session\Handlers\FileHandler' driver.
DEBUG - 2026-03-31 00:27:33 --> Session: Class initialized using 'CodeIgniter\Session\Handlers\FileHandler' driver.
DEBUG - 2026-03-31 00:27:37 --> Session: Class initialized using 'CodeIgniter\Session\Handlers\FileHandler' driver.
DEBUG - 2026-03-31 00:28:38 --> Session: Class initialized using 'CodeIgniter\Session\Handlers\FileHandler' driver.
WARNING - 2026-03-31 00:28:38 --> [DEPRECATED] strtotime(): Passing null to parameter #1 ($datetime) of type string is deprecated in APPPATH\Views\feed\index.php on line 117.
 1 APPPATH\Views\feed\index.php(117): strtotime(null)
 2 SYSTEMPATH\View\View.php(240): include('C:\\Users\\Usuario\\Desktop\\rede-social\\app\\Views\\feed\\index.php')
 3 SYSTEMPATH\View\View.php(243): CodeIgniter\View\View->CodeIgniter\View\{closure}()
 4 SYSTEMPATH\Common.php(1250): CodeIgniter\View\View->render('feed/index', [], true)
 5 APPPATH\Controllers\PostController.php(24): view('feed/index', [...])
 6 SYSTEMPATH\CodeIgniter.php(951): App\Controllers\PostController->index()
 7 SYSTEMPATH\CodeIgniter.php(497): CodeIgniter\CodeIgniter->runController(Object(App\Controllers\PostController))
 8 SYSTEMPATH\CodeIgniter.php(340): CodeIgniter\CodeIgniter->handleRequest(null, Object(Config\Cache), false)
 9 SYSTEMPATH\Boot.php(417): CodeIgniter\CodeIgniter->run()
10 SYSTEMPATH\Boot.php(68): CodeIgniter\Boot::runCodeIgniter(Object(CodeIgniter\CodeIgniter))
11 FCPATH\index.php(59): CodeIgniter\Boot::bootWeb(Object(Config\Paths))
12 SYSTEMPATH\rewrite.php(44): require_once('C:\\Users\\Usuario\\Desktop\\rede-social\\public\\index.php')
CRITICAL - 2026-03-31 00:28:38 --> ErrorException: Undefined array key "user_id"
[Method: GET, Route: feed]
in APPPATH\Views\feed\index.php on line 128.
 1 APPPATH\Views\feed\index.php(128): CodeIgniter\Debug\Exceptions->errorHandler(2, 'Undefined array key "user_id"', 'C:\\Users\\Usuario\\Desktop\\rede-social\\app\\Views\\feed\\index.php', 128)
 2 SYSTEMPATH\View\View.php(240): include('C:\\Users\\Usuario\\Desktop\\rede-social\\app\\Views\\feed\\index.php')
 3 SYSTEMPATH\View\View.php(243): CodeIgniter\View\View->CodeIgniter\View\{closure}()
 4 SYSTEMPATH\Common.php(1250): CodeIgniter\View\View->render('feed/index', [], true)
 5 APPPATH\Controllers\PostController.php(24): view('feed/index', [...])
 6 SYSTEMPATH\CodeIgniter.php(951): App\Controllers\PostController->index()
 7 SYSTEMPATH\CodeIgniter.php(497): CodeIgniter\CodeIgniter->runController(Object(App\Controllers\PostController))
 8 SYSTEMPATH\CodeIgniter.php(340): CodeIgniter\CodeIgniter->handleRequest(null, Object(Config\Cache), false)
 9 SYSTEMPATH\Boot.php(417): CodeIgniter\CodeIgniter->run()
10 SYSTEMPATH\Boot.php(68): CodeIgniter\Boot::runCodeIgniter(Object(CodeIgniter\CodeIgniter))
11 FCPATH\index.php(59): CodeIgniter\Boot::bootWeb(Object(Config\Paths))
12 SYSTEMPATH\rewrite.php(44): require_once('C:\\Users\\Usuario\\Desktop\\rede-social\\public\\index.php')
DEBUG - 2026-03-31 00:28:59 --> Session: Class initialized using 'CodeIgniter\Session\Handlers\FileHandler' driver.
WARNING - 2026-03-31 00:28:59 --> [DEPRECATED] strtotime(): Passing null to parameter #1 ($datetime) of type string is deprecated in APPPATH\Views\feed\index.php on line 210.
 1 APPPATH\Views\feed\index.php(210): strtotime(null)
 2 SYSTEMPATH\View\View.php(240): include('C:\\Users\\Usuario\\Desktop\\rede-social\\app\\Views\\feed\\index.php')
 3 SYSTEMPATH\View\View.php(243): CodeIgniter\View\View->CodeIgniter\View\{closure}()
 4 SYSTEMPATH\Common.php(1250): CodeIgniter\View\View->render('feed/index', [], true)
 5 APPPATH\Controllers\PostController.php(24): view('feed/index', [...])
 6 SYSTEMPATH\CodeIgniter.php(951): App\Controllers\PostController->index()
 7 SYSTEMPATH\CodeIgniter.php(497): CodeIgniter\CodeIgniter->runController(Object(App\Controllers\PostController))
 8 SYSTEMPATH\CodeIgniter.php(340): CodeIgniter\CodeIgniter->handleRequest(null, Object(Config\Cache), false)
 9 SYSTEMPATH\Boot.php(417): CodeIgniter\CodeIgniter->run()
10 SYSTEMPATH\Boot.php(68): CodeIgniter\Boot::runCodeIgniter(Object(CodeIgniter\CodeIgniter))
11 FCPATH\index.php(59): CodeIgniter\Boot::bootWeb(Object(Config\Paths))
12 SYSTEMPATH\rewrite.php(44): require_once('C:\\Users\\Usuario\\Desktop\\rede-social\\public\\index.php')
DEBUG - 2026-03-31 00:29:05 --> Session: Class initialized using 'CodeIgniter\Session\Handlers\FileHandler' driver.
DEBUG - 2026-03-31 00:29:05 --> Session: Class initialized using 'CodeIgniter\Session\Handlers\FileHandler' driver.
WARNING - 2026-03-31 00:29:05 --> [DEPRECATED] strtotime(): Passing null to parameter #1 ($datetime) of type string is deprecated in APPPATH\Views\feed\index.php on line 210.
 1 APPPATH\Views\feed\index.php(210): strtotime(null)
 2 SYSTEMPATH\View\View.php(240): include('C:\\Users\\Usuario\\Desktop\\rede-social\\app\\Views\\feed\\index.php')
 3 SYSTEMPATH\View\View.php(243): CodeIgniter\View\View->CodeIgniter\View\{closure}()
 4 SYSTEMPATH\Common.php(1250): CodeIgniter\View\View->render('feed/index', [], true)
 5 APPPATH\Controllers\PostController.php(24): view('feed/index', [...])
 6 SYSTEMPATH\CodeIgniter.php(951): App\Controllers\PostController->index()
 7 SYSTEMPATH\CodeIgniter.php(497): CodeIgniter\CodeIgniter->runController(Object(App\Controllers\PostController))
 8 SYSTEMPATH\CodeIgniter.php(340): CodeIgniter\CodeIgniter->handleRequest(null, Object(Config\Cache), false)
 9 SYSTEMPATH\Boot.php(417): CodeIgniter\CodeIgniter->run()
10 SYSTEMPATH\Boot.php(68): CodeIgniter\Boot::runCodeIgniter(Object(CodeIgniter\CodeIgniter))
11 FCPATH\index.php(59): CodeIgniter\Boot::bootWeb(Object(Config\Paths))
12 SYSTEMPATH\rewrite.php(44): require_once('C:\\Users\\Usuario\\Desktop\\rede-social\\public\\index.php')
WARNING - 2026-03-31 00:29:06 --> [DEPRECATED] strtotime(): Passing null to parameter #1 ($datetime) of type string is deprecated in APPPATH\Views\feed\index.php on line 210.
 1 APPPATH\Views\feed\index.php(210): strtotime(null)
 2 SYSTEMPATH\View\View.php(240): include('C:\\Users\\Usuario\\Desktop\\rede-social\\app\\Views\\feed\\index.php')
 3 SYSTEMPATH\View\View.php(243): CodeIgniter\View\View->CodeIgniter\View\{closure}()
 4 SYSTEMPATH\Common.php(1250): CodeIgniter\View\View->render('feed/index', [], true)
 5 APPPATH\Controllers\PostController.php(24): view('feed/index', [...])
 6 SYSTEMPATH\CodeIgniter.php(951): App\Controllers\PostController->index()
 7 SYSTEMPATH\CodeIgniter.php(497): CodeIgniter\CodeIgniter->runController(Object(App\Controllers\PostController))
 8 SYSTEMPATH\CodeIgniter.php(340): CodeIgniter\CodeIgniter->handleRequest(null, Object(Config\Cache), false)
 9 SYSTEMPATH\Boot.php(417): CodeIgniter\CodeIgniter->run()
10 SYSTEMPATH\Boot.php(68): CodeIgniter\Boot::runCodeIgniter(Object(CodeIgniter\CodeIgniter))
11 FCPATH\index.php(59): CodeIgniter\Boot::bootWeb(Object(Config\Paths))
12 SYSTEMPATH\rewrite.php(44): require_once('C:\\Users\\Usuario\\Desktop\\rede-social\\public\\index.php')
DEBUG - 2026-03-31 00:29:09 --> Session: Class initialized using 'CodeIgniter\Session\Handlers\FileHandler' driver.
DEBUG - 2026-03-31 00:29:12 --> Session: Class initialized using 'CodeIgniter\Session\Handlers\FileHandler' driver.
WARNING - 2026-03-31 00:29:12 --> [DEPRECATED] strtotime(): Passing null to parameter #1 ($datetime) of type string is deprecated in APPPATH\Views\feed\index.php on line 210.
 1 APPPATH\Views\feed\index.php(210): strtotime(null)
 2 SYSTEMPATH\View\View.php(240): include('C:\\Users\\Usuario\\Desktop\\rede-social\\app\\Views\\feed\\index.php')
 3 SYSTEMPATH\View\View.php(243): CodeIgniter\View\View->CodeIgniter\View\{closure}()
 4 SYSTEMPATH\Common.php(1250): CodeIgniter\View\View->render('feed/index', [], true)
 5 APPPATH\Controllers\PostController.php(24): view('feed/index', [...])
 6 SYSTEMPATH\CodeIgniter.php(951): App\Controllers\PostController->index()
 7 SYSTEMPATH\CodeIgniter.php(497): CodeIgniter\CodeIgniter->runController(Object(App\Controllers\PostController))
 8 SYSTEMPATH\CodeIgniter.php(340): CodeIgniter\CodeIgniter->handleRequest(null, Object(Config\Cache), false)
 9 SYSTEMPATH\Boot.php(417): CodeIgniter\CodeIgniter->run()
10 SYSTEMPATH\Boot.php(68): CodeIgniter\Boot::runCodeIgniter(Object(CodeIgniter\CodeIgniter))
11 FCPATH\index.php(59): CodeIgniter\Boot::bootWeb(Object(Config\Paths))
12 SYSTEMPATH\rewrite.php(44): require_once('C:\\Users\\Usuario\\Desktop\\rede-social\\public\\index.php')
WARNING - 2026-03-31 00:29:12 --> [DEPRECATED] strtotime(): Passing null to parameter #1 ($datetime) of type string is deprecated in APPPATH\Views\feed\index.php on line 210.
 1 APPPATH\Views\feed\index.php(210): strtotime(null)
 2 SYSTEMPATH\View\View.php(240): include('C:\\Users\\Usuario\\Desktop\\rede-social\\app\\Views\\feed\\index.php')
 3 SYSTEMPATH\View\View.php(243): CodeIgniter\View\View->CodeIgniter\View\{closure}()
 4 SYSTEMPATH\Common.php(1250): CodeIgniter\View\View->render('feed/index', [], true)
 5 APPPATH\Controllers\PostController.php(24): view('feed/index', [...])
 6 SYSTEMPATH\CodeIgniter.php(951): App\Controllers\PostController->index()
 7 SYSTEMPATH\CodeIgniter.php(497): CodeIgniter\CodeIgniter->runController(Object(App\Controllers\PostController))
 8 SYSTEMPATH\CodeIgniter.php(340): CodeIgniter\CodeIgniter->handleRequest(null, Object(Config\Cache), false)
 9 SYSTEMPATH\Boot.php(417): CodeIgniter\CodeIgniter->run()
10 SYSTEMPATH\Boot.php(68): CodeIgniter\Boot::runCodeIgniter(Object(CodeIgniter\CodeIgniter))
11 FCPATH\index.php(59): CodeIgniter\Boot::bootWeb(Object(Config\Paths))
12 SYSTEMPATH\rewrite.php(44): require_once('C:\\Users\\Usuario\\Desktop\\rede-social\\public\\index.php')
DEBUG - 2026-03-31 00:29:18 --> Session: Class initialized using 'CodeIgniter\Session\Handlers\FileHandler' driver.
WARNING - 2026-03-31 00:29:18 --> [DEPRECATED] strtotime(): Passing null to parameter #1 ($datetime) of type string is deprecated in APPPATH\Views\feed\index.php on line 274.
 1 APPPATH\Views\feed\index.php(274): strtotime(null)
 2 SYSTEMPATH\View\View.php(240): include('C:\\Users\\Usuario\\Desktop\\rede-social\\app\\Views\\feed\\index.php')
 3 SYSTEMPATH\View\View.php(243): CodeIgniter\View\View->CodeIgniter\View\{closure}()
 4 SYSTEMPATH\Common.php(1250): CodeIgniter\View\View->render('feed/index', [], true)
 5 APPPATH\Controllers\PostController.php(24): view('feed/index', [...])
 6 SYSTEMPATH\CodeIgniter.php(951): App\Controllers\PostController->index()
 7 SYSTEMPATH\CodeIgniter.php(497): CodeIgniter\CodeIgniter->runController(Object(App\Controllers\PostController))
 8 SYSTEMPATH\CodeIgniter.php(340): CodeIgniter\CodeIgniter->handleRequest(null, Object(Config\Cache), false)
 9 SYSTEMPATH\Boot.php(417): CodeIgniter\CodeIgniter->run()
10 SYSTEMPATH\Boot.php(68): CodeIgniter\Boot::runCodeIgniter(Object(CodeIgniter\CodeIgniter))
11 FCPATH\index.php(59): CodeIgniter\Boot::bootWeb(Object(Config\Paths))
12 SYSTEMPATH\rewrite.php(44): require_once('C:\\Users\\Usuario\\Desktop\\rede-social\\public\\index.php')
WARNING - 2026-03-31 00:29:18 --> [DEPRECATED] strtotime(): Passing null to parameter #1 ($datetime) of type string is deprecated in APPPATH\Views\feed\index.php on line 274.
 1 APPPATH\Views\feed\index.php(274): strtotime(null)
 2 SYSTEMPATH\View\View.php(240): include('C:\\Users\\Usuario\\Desktop\\rede-social\\app\\Views\\feed\\index.php')
 3 SYSTEMPATH\View\View.php(243): CodeIgniter\View\View->CodeIgniter\View\{closure}()
 4 SYSTEMPATH\Common.php(1250): CodeIgniter\View\View->render('feed/index', [], true)
 5 APPPATH\Controllers\PostController.php(24): view('feed/index', [...])
 6 SYSTEMPATH\CodeIgniter.php(951): App\Controllers\PostController->index()
 7 SYSTEMPATH\CodeIgniter.php(497): CodeIgniter\CodeIgniter->runController(Object(App\Controllers\PostController))
 8 SYSTEMPATH\CodeIgniter.php(340): CodeIgniter\CodeIgniter->handleRequest(null, Object(Config\Cache), false)
 9 SYSTEMPATH\Boot.php(417): CodeIgniter\CodeIgniter->run()
10 SYSTEMPATH\Boot.php(68): CodeIgniter\Boot::runCodeIgniter(Object(CodeIgniter\CodeIgniter))
11 FCPATH\index.php(59): CodeIgniter\Boot::bootWeb(Object(Config\Paths))
12 SYSTEMPATH\rewrite.php(44): require_once('C:\\Users\\Usuario\\Desktop\\rede-social\\public\\index.php')
DEBUG - 2026-03-31 00:29:24 --> Session: Class initialized using 'CodeIgniter\Session\Handlers\FileHandler' driver.
WARNING - 2026-03-31 00:29:24 --> [DEPRECATED] strtotime(): Passing null to parameter #1 ($datetime) of type string is deprecated in APPPATH\Views\feed\index.php on line 274.
 1 APPPATH\Views\feed\index.php(274): strtotime(null)
 2 SYSTEMPATH\View\View.php(240): include('C:\\Users\\Usuario\\Desktop\\rede-social\\app\\Views\\feed\\index.php')
 3 SYSTEMPATH\View\View.php(243): CodeIgniter\View\View->CodeIgniter\View\{closure}()
 4 SYSTEMPATH\Common.php(1250): CodeIgniter\View\View->render('feed/index', [], true)
 5 APPPATH\Controllers\PostController.php(24): view('feed/index', [...])
 6 SYSTEMPATH\CodeIgniter.php(951): App\Controllers\PostController->index()
 7 SYSTEMPATH\CodeIgniter.php(497): CodeIgniter\CodeIgniter->runController(Object(App\Controllers\PostController))
 8 SYSTEMPATH\CodeIgniter.php(340): CodeIgniter\CodeIgniter->handleRequest(null, Object(Config\Cache), false)
 9 SYSTEMPATH\Boot.php(417): CodeIgniter\CodeIgniter->run()
10 SYSTEMPATH\Boot.php(68): CodeIgniter\Boot::runCodeIgniter(Object(CodeIgniter\CodeIgniter))
11 FCPATH\index.php(59): CodeIgniter\Boot::bootWeb(Object(Config\Paths))
12 SYSTEMPATH\rewrite.php(44): require_once('C:\\Users\\Usuario\\Desktop\\rede-social\\public\\index.php')
WARNING - 2026-03-31 00:29:24 --> [DEPRECATED] strtotime(): Passing null to parameter #1 ($datetime) of type string is deprecated in APPPATH\Views\feed\index.php on line 274.
 1 APPPATH\Views\feed\index.php(274): strtotime(null)
 2 SYSTEMPATH\View\View.php(240): include('C:\\Users\\Usuario\\Desktop\\rede-social\\app\\Views\\feed\\index.php')
 3 SYSTEMPATH\View\View.php(243): CodeIgniter\View\View->CodeIgniter\View\{closure}()
 4 SYSTEMPATH\Common.php(1250): CodeIgniter\View\View->render('feed/index', [], true)
 5 APPPATH\Controllers\PostController.php(24): view('feed/index', [...])
 6 SYSTEMPATH\CodeIgniter.php(951): App\Controllers\PostController->index()
 7 SYSTEMPATH\CodeIgniter.php(497): CodeIgniter\CodeIgniter->runController(Object(App\Controllers\PostController))
 8 SYSTEMPATH\CodeIgniter.php(340): CodeIgniter\CodeIgniter->handleRequest(null, Object(Config\Cache), false)
 9 SYSTEMPATH\Boot.php(417): CodeIgniter\CodeIgniter->run()
10 SYSTEMPATH\Boot.php(68): CodeIgniter\Boot::runCodeIgniter(Object(CodeIgniter\CodeIgniter))
11 FCPATH\index.php(59): CodeIgniter\Boot::bootWeb(Object(Config\Paths))
12 SYSTEMPATH\rewrite.php(44): require_once('C:\\Users\\Usuario\\Desktop\\rede-social\\public\\index.php')
DEBUG - 2026-03-31 00:29:26 --> Session: Class initialized using 'CodeIgniter\Session\Handlers\FileHandler' driver.
DEBUG - 2026-03-31 00:29:29 --> Session: Class initialized using 'CodeIgniter\Session\Handlers\FileHandler' driver.
WARNING - 2026-03-31 00:29:29 --> [DEPRECATED] strtotime(): Passing null to parameter #1 ($datetime) of type string is deprecated in APPPATH\Views\feed\index.php on line 274.
 1 APPPATH\Views\feed\index.php(274): strtotime(null)
 2 SYSTEMPATH\View\View.php(240): include('C:\\Users\\Usuario\\Desktop\\rede-social\\app\\Views\\feed\\index.php')
 3 SYSTEMPATH\View\View.php(243): CodeIgniter\View\View->CodeIgniter\View\{closure}()
 4 SYSTEMPATH\Common.php(1250): CodeIgniter\View\View->render('feed/index', [], true)
 5 APPPATH\Controllers\PostController.php(24): view('feed/index', [...])
 6 SYSTEMPATH\CodeIgniter.php(951): App\Controllers\PostController->index()
 7 SYSTEMPATH\CodeIgniter.php(497): CodeIgniter\CodeIgniter->runController(Object(App\Controllers\PostController))
 8 SYSTEMPATH\CodeIgniter.php(340): CodeIgniter\CodeIgniter->handleRequest(null, Object(Config\Cache), false)
 9 SYSTEMPATH\Boot.php(417): CodeIgniter\CodeIgniter->run()
10 SYSTEMPATH\Boot.php(68): CodeIgniter\Boot::runCodeIgniter(Object(CodeIgniter\CodeIgniter))
11 FCPATH\index.php(59): CodeIgniter\Boot::bootWeb(Object(Config\Paths))
12 SYSTEMPATH\rewrite.php(44): require_once('C:\\Users\\Usuario\\Desktop\\rede-social\\public\\index.php')
WARNING - 2026-03-31 00:29:29 --> [DEPRECATED] strtotime(): Passing null to parameter #1 ($datetime) of type string is deprecated in APPPATH\Views\feed\index.php on line 274.
 1 APPPATH\Views\feed\index.php(274): strtotime(null)
 2 SYSTEMPATH\View\View.php(240): include('C:\\Users\\Usuario\\Desktop\\rede-social\\app\\Views\\feed\\index.php')
 3 SYSTEMPATH\View\View.php(243): CodeIgniter\View\View->CodeIgniter\View\{closure}()
 4 SYSTEMPATH\Common.php(1250): CodeIgniter\View\View->render('feed/index', [], true)
 5 APPPATH\Controllers\PostController.php(24): view('feed/index', [...])
 6 SYSTEMPATH\CodeIgniter.php(951): App\Controllers\PostController->index()
 7 SYSTEMPATH\CodeIgniter.php(497): CodeIgniter\CodeIgniter->runController(Object(App\Controllers\PostController))
 8 SYSTEMPATH\CodeIgniter.php(340): CodeIgniter\CodeIgniter->handleRequest(null, Object(Config\Cache), false)
 9 SYSTEMPATH\Boot.php(417): CodeIgniter\CodeIgniter->run()
10 SYSTEMPATH\Boot.php(68): CodeIgniter\Boot::runCodeIgniter(Object(CodeIgniter\CodeIgniter))
11 FCPATH\index.php(59): CodeIgniter\Boot::bootWeb(Object(Config\Paths))
12 SYSTEMPATH\rewrite.php(44): require_once('C:\\Users\\Usuario\\Desktop\\rede-social\\public\\index.php')
DEBUG - 2026-03-31 00:29:29 --> Session: Class initialized using 'CodeIgniter\Session\Handlers\FileHandler' driver.
WARNING - 2026-03-31 00:29:29 --> [DEPRECATED] strtotime(): Passing null to parameter #1 ($datetime) of type string is deprecated in APPPATH\Views\feed\index.php on line 274.
 1 APPPATH\Views\feed\index.php(274): strtotime(null)
 2 SYSTEMPATH\View\View.php(240): include('C:\\Users\\Usuario\\Desktop\\rede-social\\app\\Views\\feed\\index.php')
 3 SYSTEMPATH\View\View.php(243): CodeIgniter\View\View->CodeIgniter\View\{closure}()
 4 SYSTEMPATH\Common.php(1250): CodeIgniter\View\View->render('feed/index', [], true)
 5 APPPATH\Controllers\PostController.php(24): view('feed/index', [...])
 6 SYSTEMPATH\CodeIgniter.php(951): App\Controllers\PostController->index()
 7 SYSTEMPATH\CodeIgniter.php(497): CodeIgniter\CodeIgniter->runController(Object(App\Controllers\PostController))
 8 SYSTEMPATH\CodeIgniter.php(340): CodeIgniter\CodeIgniter->handleRequest(null, Object(Config\Cache), false)
 9 SYSTEMPATH\Boot.php(417): CodeIgniter\CodeIgniter->run()
10 SYSTEMPATH\Boot.php(68): CodeIgniter\Boot::runCodeIgniter(Object(CodeIgniter\CodeIgniter))
11 FCPATH\index.php(59): CodeIgniter\Boot::bootWeb(Object(Config\Paths))
12 SYSTEMPATH\rewrite.php(44): require_once('C:\\Users\\Usuario\\Desktop\\rede-social\\public\\index.php')
WARNING - 2026-03-31 00:29:29 --> [DEPRECATED] strtotime(): Passing null to parameter #1 ($datetime) of type string is deprecated in APPPATH\Views\feed\index.php on line 274.
 1 APPPATH\Views\feed\index.php(274): strtotime(null)
 2 SYSTEMPATH\View\View.php(240): include('C:\\Users\\Usuario\\Desktop\\rede-social\\app\\Views\\feed\\index.php')
 3 SYSTEMPATH\View\View.php(243): CodeIgniter\View\View->CodeIgniter\View\{closure}()
 4 SYSTEMPATH\Common.php(1250): CodeIgniter\View\View->render('feed/index', [], true)
 5 APPPATH\Controllers\PostController.php(24): view('feed/index', [...])
 6 SYSTEMPATH\CodeIgniter.php(951): App\Controllers\PostController->index()
 7 SYSTEMPATH\CodeIgniter.php(497): CodeIgniter\CodeIgniter->runController(Object(App\Controllers\PostController))
 8 SYSTEMPATH\CodeIgniter.php(340): CodeIgniter\CodeIgniter->handleRequest(null, Object(Config\Cache), false)
 9 SYSTEMPATH\Boot.php(417): CodeIgniter\CodeIgniter->run()
10 SYSTEMPATH\Boot.php(68): CodeIgniter\Boot::runCodeIgniter(Object(CodeIgniter\CodeIgniter))
11 FCPATH\index.php(59): CodeIgniter\Boot::bootWeb(Object(Config\Paths))
12 SYSTEMPATH\rewrite.php(44): require_once('C:\\Users\\Usuario\\Desktop\\rede-social\\public\\index.php')
DEBUG - 2026-03-31 00:30:14 --> Session: Class initialized using 'CodeIgniter\Session\Handlers\FileHandler' driver.
CRITICAL - 2026-03-31 00:30:14 --> ErrorException: Undefined array key "nome"
[Method: GET, Route: feed]
in APPPATH\Views\feed\index.php on line 270.
 1 APPPATH\Views\feed\index.php(270): CodeIgniter\Debug\Exceptions->errorHandler(2, 'Undefined array key "nome"', 'C:\\Users\\Usuario\\Desktop\\rede-social\\app\\Views\\feed\\index.php', 270)
 2 SYSTEMPATH\View\View.php(240): include('C:\\Users\\Usuario\\Desktop\\rede-social\\app\\Views\\feed\\index.php')
 3 SYSTEMPATH\View\View.php(243): CodeIgniter\View\View->CodeIgniter\View\{closure}()
 4 SYSTEMPATH\Common.php(1250): CodeIgniter\View\View->render('feed/index', [], true)
 5 APPPATH\Controllers\PostController.php(15): view('feed/index', [...])
 6 SYSTEMPATH\CodeIgniter.php(951): App\Controllers\PostController->index()
 7 SYSTEMPATH\CodeIgniter.php(497): CodeIgniter\CodeIgniter->runController(Object(App\Controllers\PostController))
 8 SYSTEMPATH\CodeIgniter.php(340): CodeIgniter\CodeIgniter->handleRequest(null, Object(Config\Cache), false)
 9 SYSTEMPATH\Boot.php(417): CodeIgniter\CodeIgniter->run()
10 SYSTEMPATH\Boot.php(68): CodeIgniter\Boot::runCodeIgniter(Object(CodeIgniter\CodeIgniter))
11 FCPATH\index.php(59): CodeIgniter\Boot::bootWeb(Object(Config\Paths))
12 SYSTEMPATH\rewrite.php(44): require_once('C:\\Users\\Usuario\\Desktop\\rede-social\\public\\index.php')
DEBUG - 2026-03-31 00:30:28 --> Session: Class initialized using 'CodeIgniter\Session\Handlers\FileHandler' driver.
WARNING - 2026-03-31 00:30:28 --> [DEPRECATED] strtotime(): Passing null to parameter #1 ($datetime) of type string is deprecated in APPPATH\Views\feed\index.php on line 274.
 1 APPPATH\Views\feed\index.php(274): strtotime(null)
 2 SYSTEMPATH\View\View.php(240): include('C:\\Users\\Usuario\\Desktop\\rede-social\\app\\Views\\feed\\index.php')
 3 SYSTEMPATH\View\View.php(243): CodeIgniter\View\View->CodeIgniter\View\{closure}()
 4 SYSTEMPATH\Common.php(1250): CodeIgniter\View\View->render('feed/index', [], true)
 5 APPPATH\Controllers\PostController.php(24): view('feed/index', [...])
 6 SYSTEMPATH\CodeIgniter.php(951): App\Controllers\PostController->index()
 7 SYSTEMPATH\CodeIgniter.php(497): CodeIgniter\CodeIgniter->runController(Object(App\Controllers\PostController))
 8 SYSTEMPATH\CodeIgniter.php(340): CodeIgniter\CodeIgniter->handleRequest(null, Object(Config\Cache), false)
 9 SYSTEMPATH\Boot.php(417): CodeIgniter\CodeIgniter->run()
10 SYSTEMPATH\Boot.php(68): CodeIgniter\Boot::runCodeIgniter(Object(CodeIgniter\CodeIgniter))
11 FCPATH\index.php(59): CodeIgniter\Boot::bootWeb(Object(Config\Paths))
12 SYSTEMPATH\rewrite.php(44): require_once('C:\\Users\\Usuario\\Desktop\\rede-social\\public\\index.php')
WARNING - 2026-03-31 00:30:28 --> [DEPRECATED] strtotime(): Passing null to parameter #1 ($datetime) of type string is deprecated in APPPATH\Views\feed\index.php on line 274.
 1 APPPATH\Views\feed\index.php(274): strtotime(null)
 2 SYSTEMPATH\View\View.php(240): include('C:\\Users\\Usuario\\Desktop\\rede-social\\app\\Views\\feed\\index.php')
 3 SYSTEMPATH\View\View.php(243): CodeIgniter\View\View->CodeIgniter\View\{closure}()
 4 SYSTEMPATH\Common.php(1250): CodeIgniter\View\View->render('feed/index', [], true)
 5 APPPATH\Controllers\PostController.php(24): view('feed/index', [...])
 6 SYSTEMPATH\CodeIgniter.php(951): App\Controllers\PostController->index()
 7 SYSTEMPATH\CodeIgniter.php(497): CodeIgniter\CodeIgniter->runController(Object(App\Controllers\PostController))
 8 SYSTEMPATH\CodeIgniter.php(340): CodeIgniter\CodeIgniter->handleRequest(null, Object(Config\Cache), false)
 9 SYSTEMPATH\Boot.php(417): CodeIgniter\CodeIgniter->run()
10 SYSTEMPATH\Boot.php(68): CodeIgniter\Boot::runCodeIgniter(Object(CodeIgniter\CodeIgniter))
11 FCPATH\index.php(59): CodeIgniter\Boot::bootWeb(Object(Config\Paths))
12 SYSTEMPATH\rewrite.php(44): require_once('C:\\Users\\Usuario\\Desktop\\rede-social\\public\\index.php')
CRITICAL - 2026-03-31 00:30:54 --> ErrorException: include(C:\Users\Usuario\Desktop\rede-social\vendor\composer/../../app/Controllers/BaseController.php): Failed to open stream: No such file or directory
[Method: GET, Route: feed]
in VENDORPATH\composer\ClassLoader.php on line 576.
 1 VENDORPATH\composer\ClassLoader.php(576): CodeIgniter\Debug\Exceptions->errorHandler(2, 'include(C:\\Users\\Usuario\\Desktop\\rede-social\\vendor\\composer/../../app/Controllers/BaseController.php): Failed to open stream: No such file or directory', 'C:\\Users\\Usuario\\Desktop\\rede-social\\vendor\\composer\\ClassLoader.php', 576)
 2 VENDORPATH\composer\ClassLoader.php(576): include()
 3 VENDORPATH\composer\ClassLoader.php(427): Composer\Autoload\{closure}('C:\\Users\\Usuario\\Desktop\\rede-social\\vendor\\composer/../../app/Controllers/BaseController.php')
 4 APPPATH\Controllers\PostController.php(8): Composer\Autoload\ClassLoader->loadClass('App\\Controllers\\BaseController')
 5 VENDORPATH\composer\ClassLoader.php(576): include('C:\\Users\\Usuario\\Desktop\\rede-social\\app\\Controllers\\PostController.php')
 6 VENDORPATH\composer\ClassLoader.php(427): Composer\Autoload\{closure}('C:\\Users\\Usuario\\Desktop\\rede-social\\vendor\\composer/../../app\\Controllers\\PostController.php')
 7 [internal function]: Composer\Autoload\ClassLoader->loadClass('App\\Controllers\\PostController')
 8 SYSTEMPATH\Router\Router.php(792): class_exists('\\App\\Controllers\\PostController')
 9 SYSTEMPATH\Router\Router.php(230): CodeIgniter\Router\Router->processRouteAttributes()
10 SYSTEMPATH\CodeIgniter.php(829): CodeIgniter\Router\Router->handle('feed')
11 SYSTEMPATH\CodeIgniter.php(441): CodeIgniter\CodeIgniter->tryToRouteIt(Object(CodeIgniter\Router\RouteCollection))
12 SYSTEMPATH\CodeIgniter.php(340): CodeIgniter\CodeIgniter->handleRequest(null, Object(Config\Cache), false)
13 SYSTEMPATH\Boot.php(417): CodeIgniter\CodeIgniter->run()
14 SYSTEMPATH\Boot.php(68): CodeIgniter\Boot::runCodeIgniter(Object(CodeIgniter\CodeIgniter))
15 FCPATH\index.php(59): CodeIgniter\Boot::bootWeb(Object(Config\Paths))
16 SYSTEMPATH\rewrite.php(44): require_once('C:\\Users\\Usuario\\Desktop\\rede-social\\public\\index.php')
CRITICAL - 2026-03-31 00:31:01 --> ErrorException: include(C:\Users\Usuario\Desktop\rede-social\vendor\composer/../../app/Controllers/BaseController.php): Failed to open stream: No such file or directory
[Method: GET, Route: feed]
in VENDORPATH\composer\ClassLoader.php on line 576.
 1 VENDORPATH\composer\ClassLoader.php(576): CodeIgniter\Debug\Exceptions->errorHandler(2, 'include(C:\\Users\\Usuario\\Desktop\\rede-social\\vendor\\composer/../../app/Controllers/BaseController.php): Failed to open stream: No such file or directory', 'C:\\Users\\Usuario\\Desktop\\rede-social\\vendor\\composer\\ClassLoader.php', 576)
 2 VENDORPATH\composer\ClassLoader.php(576): include()
 3 VENDORPATH\composer\ClassLoader.php(427): Composer\Autoload\{closure}('C:\\Users\\Usuario\\Desktop\\rede-social\\vendor\\composer/../../app/Controllers/BaseController.php')
 4 APPPATH\Controllers\PostController.php(8): Composer\Autoload\ClassLoader->loadClass('App\\Controllers\\BaseController')
 5 VENDORPATH\composer\ClassLoader.php(576): include('C:\\Users\\Usuario\\Desktop\\rede-social\\app\\Controllers\\PostController.php')
 6 VENDORPATH\composer\ClassLoader.php(427): Composer\Autoload\{closure}('C:\\Users\\Usuario\\Desktop\\rede-social\\vendor\\composer/../../app\\Controllers\\PostController.php')
 7 [internal function]: Composer\Autoload\ClassLoader->loadClass('App\\Controllers\\PostController')
 8 SYSTEMPATH\Router\Router.php(792): class_exists('\\App\\Controllers\\PostController')
 9 SYSTEMPATH\Router\Router.php(230): CodeIgniter\Router\Router->processRouteAttributes()
10 SYSTEMPATH\CodeIgniter.php(829): CodeIgniter\Router\Router->handle('feed')
11 SYSTEMPATH\CodeIgniter.php(441): CodeIgniter\CodeIgniter->tryToRouteIt(Object(CodeIgniter\Router\RouteCollection))
12 SYSTEMPATH\CodeIgniter.php(340): CodeIgniter\CodeIgniter->handleRequest(null, Object(Config\Cache), false)
13 SYSTEMPATH\Boot.php(417): CodeIgniter\CodeIgniter->run()
14 SYSTEMPATH\Boot.php(68): CodeIgniter\Boot::runCodeIgniter(Object(CodeIgniter\CodeIgniter))
15 FCPATH\index.php(59): CodeIgniter\Boot::bootWeb(Object(Config\Paths))
16 SYSTEMPATH\rewrite.php(44): require_once('C:\\Users\\Usuario\\Desktop\\rede-social\\public\\index.php')
CRITICAL - 2026-03-31 00:31:03 --> ErrorException: include(C:\Users\Usuario\Desktop\rede-social\vendor\composer/../../app/Controllers/BaseController.php): Failed to open stream: No such file or directory
[Method: GET, Route: feed]
in VENDORPATH\composer\ClassLoader.php on line 576.
 1 VENDORPATH\composer\ClassLoader.php(576): CodeIgniter\Debug\Exceptions->errorHandler(2, 'include(C:\\Users\\Usuario\\Desktop\\rede-social\\vendor\\composer/../../app/Controllers/BaseController.php): Failed to open stream: No such file or directory', 'C:\\Users\\Usuario\\Desktop\\rede-social\\vendor\\composer\\ClassLoader.php', 576)
 2 VENDORPATH\composer\ClassLoader.php(576): include()
 3 VENDORPATH\composer\ClassLoader.php(427): Composer\Autoload\{closure}('C:\\Users\\Usuario\\Desktop\\rede-social\\vendor\\composer/../../app/Controllers/BaseController.php')
 4 APPPATH\Controllers\PostController.php(8): Composer\Autoload\ClassLoader->loadClass('App\\Controllers\\BaseController')
 5 VENDORPATH\composer\ClassLoader.php(576): include('C:\\Users\\Usuario\\Desktop\\rede-social\\app\\Controllers\\PostController.php')
 6 VENDORPATH\composer\ClassLoader.php(427): Composer\Autoload\{closure}('C:\\Users\\Usuario\\Desktop\\rede-social\\vendor\\composer/../../app\\Controllers\\PostController.php')
 7 [internal function]: Composer\Autoload\ClassLoader->loadClass('App\\Controllers\\PostController')
 8 SYSTEMPATH\Router\Router.php(792): class_exists('\\App\\Controllers\\PostController')
 9 SYSTEMPATH\Router\Router.php(230): CodeIgniter\Router\Router->processRouteAttributes()
10 SYSTEMPATH\CodeIgniter.php(829): CodeIgniter\Router\Router->handle('feed')
11 SYSTEMPATH\CodeIgniter.php(441): CodeIgniter\CodeIgniter->tryToRouteIt(Object(CodeIgniter\Router\RouteCollection))
12 SYSTEMPATH\CodeIgniter.php(340): CodeIgniter\CodeIgniter->handleRequest(null, Object(Config\Cache), false)
13 SYSTEMPATH\Boot.php(417): CodeIgniter\CodeIgniter->run()
14 SYSTEMPATH\Boot.php(68): CodeIgniter\Boot::runCodeIgniter(Object(CodeIgniter\CodeIgniter))
15 FCPATH\index.php(59): CodeIgniter\Boot::bootWeb(Object(Config\Paths))
16 SYSTEMPATH\rewrite.php(44): require_once('C:\\Users\\Usuario\\Desktop\\rede-social\\public\\index.php')
DEBUG - 2026-03-31 00:31:41 --> Session: Class initialized using 'CodeIgniter\Session\Handlers\FileHandler' driver.
WARNING - 2026-03-31 00:31:41 --> [DEPRECATED] strtotime(): Passing null to parameter #1 ($datetime) of type string is deprecated in APPPATH\Views\feed\index.php on line 274.
 1 APPPATH\Views\feed\index.php(274): strtotime(null)
 2 SYSTEMPATH\View\View.php(240): include('C:\\Users\\Usuario\\Desktop\\rede-social\\app\\Views\\feed\\index.php')
 3 SYSTEMPATH\View\View.php(243): CodeIgniter\View\View->CodeIgniter\View\{closure}()
 4 SYSTEMPATH\Common.php(1250): CodeIgniter\View\View->render('feed/index', [], true)
 5 APPPATH\Controllers\PostController.php(24): view('feed/index', [...])
 6 SYSTEMPATH\CodeIgniter.php(951): App\Controllers\PostController->index()
 7 SYSTEMPATH\CodeIgniter.php(497): CodeIgniter\CodeIgniter->runController(Object(App\Controllers\PostController))
 8 SYSTEMPATH\CodeIgniter.php(340): CodeIgniter\CodeIgniter->handleRequest(null, Object(Config\Cache), false)
 9 SYSTEMPATH\Boot.php(417): CodeIgniter\CodeIgniter->run()
10 SYSTEMPATH\Boot.php(68): CodeIgniter\Boot::runCodeIgniter(Object(CodeIgniter\CodeIgniter))
11 FCPATH\index.php(59): CodeIgniter\Boot::bootWeb(Object(Config\Paths))
12 SYSTEMPATH\rewrite.php(44): require_once('C:\\Users\\Usuario\\Desktop\\rede-social\\public\\index.php')
WARNING - 2026-03-31 00:31:41 --> [DEPRECATED] strtotime(): Passing null to parameter #1 ($datetime) of type string is deprecated in APPPATH\Views\feed\index.php on line 274.
 1 APPPATH\Views\feed\index.php(274): strtotime(null)
 2 SYSTEMPATH\View\View.php(240): include('C:\\Users\\Usuario\\Desktop\\rede-social\\app\\Views\\feed\\index.php')
 3 SYSTEMPATH\View\View.php(243): CodeIgniter\View\View->CodeIgniter\View\{closure}()
 4 SYSTEMPATH\Common.php(1250): CodeIgniter\View\View->render('feed/index', [], true)
 5 APPPATH\Controllers\PostController.php(24): view('feed/index', [...])
 6 SYSTEMPATH\CodeIgniter.php(951): App\Controllers\PostController->index()
 7 SYSTEMPATH\CodeIgniter.php(497): CodeIgniter\CodeIgniter->runController(Object(App\Controllers\PostController))
 8 SYSTEMPATH\CodeIgniter.php(340): CodeIgniter\CodeIgniter->handleRequest(null, Object(Config\Cache), false)
 9 SYSTEMPATH\Boot.php(417): CodeIgniter\CodeIgniter->run()
10 SYSTEMPATH\Boot.php(68): CodeIgniter\Boot::runCodeIgniter(Object(CodeIgniter\CodeIgniter))
11 FCPATH\index.php(59): CodeIgniter\Boot::bootWeb(Object(Config\Paths))
12 SYSTEMPATH\rewrite.php(44): require_once('C:\\Users\\Usuario\\Desktop\\rede-social\\public\\index.php')
DEBUG - 2026-03-31 00:36:26 --> Session: Class initialized using 'CodeIgniter\Session\Handlers\FileHandler' driver.
CRITICAL - 2026-03-31 00:36:26 --> ErrorException: Undefined array key "user_id"
[Method: GET, Route: feed]
in APPPATH\Views\feed\index.php on line 244.
 1 APPPATH\Views\feed\index.php(244): CodeIgniter\Debug\Exceptions->errorHandler(2, 'Undefined array key "user_id"', 'C:\\Users\\Usuario\\Desktop\\rede-social\\app\\Views\\feed\\index.php', 244)
 2 SYSTEMPATH\View\View.php(240): include('C:\\Users\\Usuario\\Desktop\\rede-social\\app\\Views\\feed\\index.php')
 3 SYSTEMPATH\View\View.php(243): CodeIgniter\View\View->CodeIgniter\View\{closure}()
 4 SYSTEMPATH\Common.php(1250): CodeIgniter\View\View->render('feed/index', [], true)
 5 APPPATH\Controllers\PostController.php(24): view('feed/index', [...])
 6 SYSTEMPATH\CodeIgniter.php(951): App\Controllers\PostController->index()
 7 SYSTEMPATH\CodeIgniter.php(497): CodeIgniter\CodeIgniter->runController(Object(App\Controllers\PostController))
 8 SYSTEMPATH\CodeIgniter.php(340): CodeIgniter\CodeIgniter->handleRequest(null, Object(Config\Cache), false)
 9 SYSTEMPATH\Boot.php(417): CodeIgniter\CodeIgniter->run()
10 SYSTEMPATH\Boot.php(68): CodeIgniter\Boot::runCodeIgniter(Object(CodeIgniter\CodeIgniter))
11 FCPATH\index.php(59): CodeIgniter\Boot::bootWeb(Object(Config\Paths))
12 SYSTEMPATH\rewrite.php(44): require_once('C:\\Users\\Usuario\\Desktop\\rede-social\\public\\index.php')
DEBUG - 2026-03-31 00:38:24 --> Session: Class initialized using 'CodeIgniter\Session\Handlers\FileHandler' driver.
WARNING - 2026-03-31 00:38:24 --> [DEPRECATED] strtotime(): Passing null to parameter #1 ($datetime) of type string is deprecated in APPPATH\Views\feed\index.php on line 250.
 1 APPPATH\Views\feed\index.php(250): strtotime(null)
 2 SYSTEMPATH\View\View.php(240): include('C:\\Users\\Usuario\\Desktop\\rede-social\\app\\Views\\feed\\index.php')
 3 SYSTEMPATH\View\View.php(243): CodeIgniter\View\View->CodeIgniter\View\{closure}()
 4 SYSTEMPATH\Common.php(1250): CodeIgniter\View\View->render('feed/index', [], true)
 5 APPPATH\Controllers\PostController.php(24): view('feed/index', [...])
 6 SYSTEMPATH\CodeIgniter.php(951): App\Controllers\PostController->index()
 7 SYSTEMPATH\CodeIgniter.php(497): CodeIgniter\CodeIgniter->runController(Object(App\Controllers\PostController))
 8 SYSTEMPATH\CodeIgniter.php(340): CodeIgniter\CodeIgniter->handleRequest(null, Object(Config\Cache), false)
 9 SYSTEMPATH\Boot.php(417): CodeIgniter\CodeIgniter->run()
10 SYSTEMPATH\Boot.php(68): CodeIgniter\Boot::runCodeIgniter(Object(CodeIgniter\CodeIgniter))
11 FCPATH\index.php(59): CodeIgniter\Boot::bootWeb(Object(Config\Paths))
12 SYSTEMPATH\rewrite.php(44): require_once('C:\\Users\\Usuario\\Desktop\\rede-social\\public\\index.php')
WARNING - 2026-03-31 00:38:24 --> [DEPRECATED] strtotime(): Passing null to parameter #1 ($datetime) of type string is deprecated in APPPATH\Views\feed\index.php on line 250.
 1 APPPATH\Views\feed\index.php(250): strtotime(null)
 2 SYSTEMPATH\View\View.php(240): include('C:\\Users\\Usuario\\Desktop\\rede-social\\app\\Views\\feed\\index.php')
 3 SYSTEMPATH\View\View.php(243): CodeIgniter\View\View->CodeIgniter\View\{closure}()
 4 SYSTEMPATH\Common.php(1250): CodeIgniter\View\View->render('feed/index', [], true)
 5 APPPATH\Controllers\PostController.php(24): view('feed/index', [...])
 6 SYSTEMPATH\CodeIgniter.php(951): App\Controllers\PostController->index()
 7 SYSTEMPATH\CodeIgniter.php(497): CodeIgniter\CodeIgniter->runController(Object(App\Controllers\PostController))
 8 SYSTEMPATH\CodeIgniter.php(340): CodeIgniter\CodeIgniter->handleRequest(null, Object(Config\Cache), false)
 9 SYSTEMPATH\Boot.php(417): CodeIgniter\CodeIgniter->run()
10 SYSTEMPATH\Boot.php(68): CodeIgniter\Boot::runCodeIgniter(Object(CodeIgniter\CodeIgniter))
11 FCPATH\index.php(59): CodeIgniter\Boot::bootWeb(Object(Config\Paths))
12 SYSTEMPATH\rewrite.php(44): require_once('C:\\Users\\Usuario\\Desktop\\rede-social\\public\\index.php')
DEBUG - 2026-03-31 00:38:28 --> Session: Class initialized using 'CodeIgniter\Session\Handlers\FileHandler' driver.
DEBUG - 2026-03-31 00:38:30 --> Session: Class initialized using 'CodeIgniter\Session\Handlers\FileHandler' driver.
WARNING - 2026-03-31 00:38:30 --> [DEPRECATED] strtotime(): Passing null to parameter #1 ($datetime) of type string is deprecated in APPPATH\Views\feed\index.php on line 250.
 1 APPPATH\Views\feed\index.php(250): strtotime(null)
 2 SYSTEMPATH\View\View.php(240): include('C:\\Users\\Usuario\\Desktop\\rede-social\\app\\Views\\feed\\index.php')
 3 SYSTEMPATH\View\View.php(243): CodeIgniter\View\View->CodeIgniter\View\{closure}()
 4 SYSTEMPATH\Common.php(1250): CodeIgniter\View\View->render('feed/index', [], true)
 5 APPPATH\Controllers\PostController.php(24): view('feed/index', [...])
 6 SYSTEMPATH\CodeIgniter.php(951): App\Controllers\PostController->index()
 7 SYSTEMPATH\CodeIgniter.php(497): CodeIgniter\CodeIgniter->runController(Object(App\Controllers\PostController))
 8 SYSTEMPATH\CodeIgniter.php(340): CodeIgniter\CodeIgniter->handleRequest(null, Object(Config\Cache), false)
 9 SYSTEMPATH\Boot.php(417): CodeIgniter\CodeIgniter->run()
10 SYSTEMPATH\Boot.php(68): CodeIgniter\Boot::runCodeIgniter(Object(CodeIgniter\CodeIgniter))
11 FCPATH\index.php(59): CodeIgniter\Boot::bootWeb(Object(Config\Paths))
12 SYSTEMPATH\rewrite.php(44): require_once('C:\\Users\\Usuario\\Desktop\\rede-social\\public\\index.php')
WARNING - 2026-03-31 00:38:30 --> [DEPRECATED] strtotime(): Passing null to parameter #1 ($datetime) of type string is deprecated in APPPATH\Views\feed\index.php on line 250.
 1 APPPATH\Views\feed\index.php(250): strtotime(null)
 2 SYSTEMPATH\View\View.php(240): include('C:\\Users\\Usuario\\Desktop\\rede-social\\app\\Views\\feed\\index.php')
 3 SYSTEMPATH\View\View.php(243): CodeIgniter\View\View->CodeIgniter\View\{closure}()
 4 SYSTEMPATH\Common.php(1250): CodeIgniter\View\View->render('feed/index', [], true)
 5 APPPATH\Controllers\PostController.php(24): view('feed/index', [...])
 6 SYSTEMPATH\CodeIgniter.php(951): App\Controllers\PostController->index()
 7 SYSTEMPATH\CodeIgniter.php(497): CodeIgniter\CodeIgniter->runController(Object(App\Controllers\PostController))
 8 SYSTEMPATH\CodeIgniter.php(340): CodeIgniter\CodeIgniter->handleRequest(null, Object(Config\Cache), false)
 9 SYSTEMPATH\Boot.php(417): CodeIgniter\CodeIgniter->run()
10 SYSTEMPATH\Boot.php(68): CodeIgniter\Boot::runCodeIgniter(Object(CodeIgniter\CodeIgniter))
11 FCPATH\index.php(59): CodeIgniter\Boot::bootWeb(Object(Config\Paths))
12 SYSTEMPATH\rewrite.php(44): require_once('C:\\Users\\Usuario\\Desktop\\rede-social\\public\\index.php')
DEBUG - 2026-03-31 00:38:32 --> Session: Class initialized using 'CodeIgniter\Session\Handlers\FileHandler' driver.
DEBUG - 2026-03-31 00:39:45 --> Session: Class initialized using 'CodeIgniter\Session\Handlers\FileHandler' driver.
DEBUG - 2026-03-31 00:39:46 --> Session: Class initialized using 'CodeIgniter\Session\Handlers\FileHandler' driver.
DEBUG - 2026-03-31 00:39:54 --> Session: Class initialized using 'CodeIgniter\Session\Handlers\FileHandler' driver.
DEBUG - 2026-03-31 00:39:55 --> Session: Class initialized using 'CodeIgniter\Session\Handlers\FileHandler' driver.
DEBUG - 2026-03-31 00:39:56 --> Session: Class initialized using 'CodeIgniter\Session\Handlers\FileHandler' driver.
DEBUG - 2026-03-31 00:39:57 --> Session: Class initialized using 'CodeIgniter\Session\Handlers\FileHandler' driver.
DEBUG - 2026-03-31 00:39:57 --> Session: Class initialized using 'CodeIgniter\Session\Handlers\FileHandler' driver.
DEBUG - 2026-03-31 00:42:56 --> Session: Class initialized using 'CodeIgniter\Session\Handlers\FileHandler' driver.
DEBUG - 2026-03-31 00:42:57 --> Session: Class initialized using 'CodeIgniter\Session\Handlers\FileHandler' driver.
DEBUG - 2026-03-31 00:43:04 --> Session: Class initialized using 'CodeIgniter\Session\Handlers\FileHandler' driver.
DEBUG - 2026-03-31 00:43:05 --> Session: Class initialized using 'CodeIgniter\Session\Handlers\FileHandler' driver.
WARNING - 2026-03-31 00:43:05 --> [DEPRECATED] strtotime(): Passing null to parameter #1 ($datetime) of type string is deprecated in APPPATH\Views\feed\index.php on line 250.
 1 APPPATH\Views\feed\index.php(250): strtotime(null)
 2 SYSTEMPATH\View\View.php(240): include('C:\\Users\\Usuario\\Desktop\\rede-social\\app\\Views\\feed\\index.php')
 3 SYSTEMPATH\View\View.php(243): CodeIgniter\View\View->CodeIgniter\View\{closure}()
 4 SYSTEMPATH\Common.php(1250): CodeIgniter\View\View->render('feed/index', [], true)
 5 APPPATH\Controllers\PostController.php(24): view('feed/index', [...])
 6 SYSTEMPATH\CodeIgniter.php(951): App\Controllers\PostController->index()
 7 SYSTEMPATH\CodeIgniter.php(497): CodeIgniter\CodeIgniter->runController(Object(App\Controllers\PostController))
 8 SYSTEMPATH\CodeIgniter.php(340): CodeIgniter\CodeIgniter->handleRequest(null, Object(Config\Cache), false)
 9 SYSTEMPATH\Boot.php(417): CodeIgniter\CodeIgniter->run()
10 SYSTEMPATH\Boot.php(68): CodeIgniter\Boot::runCodeIgniter(Object(CodeIgniter\CodeIgniter))
11 FCPATH\index.php(59): CodeIgniter\Boot::bootWeb(Object(Config\Paths))
12 SYSTEMPATH\rewrite.php(44): require_once('C:\\Users\\Usuario\\Desktop\\rede-social\\public\\index.php')
WARNING - 2026-03-31 00:43:05 --> [DEPRECATED] strtotime(): Passing null to parameter #1 ($datetime) of type string is deprecated in APPPATH\Views\feed\index.php on line 250.
 1 APPPATH\Views\feed\index.php(250): strtotime(null)
 2 SYSTEMPATH\View\View.php(240): include('C:\\Users\\Usuario\\Desktop\\rede-social\\app\\Views\\feed\\index.php')
 3 SYSTEMPATH\View\View.php(243): CodeIgniter\View\View->CodeIgniter\View\{closure}()
 4 SYSTEMPATH\Common.php(1250): CodeIgniter\View\View->render('feed/index', [], true)
 5 APPPATH\Controllers\PostController.php(24): view('feed/index', [...])
 6 SYSTEMPATH\CodeIgniter.php(951): App\Controllers\PostController->index()
 7 SYSTEMPATH\CodeIgniter.php(497): CodeIgniter\CodeIgniter->runController(Object(App\Controllers\PostController))
 8 SYSTEMPATH\CodeIgniter.php(340): CodeIgniter\CodeIgniter->handleRequest(null, Object(Config\Cache), false)
 9 SYSTEMPATH\Boot.php(417): CodeIgniter\CodeIgniter->run()
10 SYSTEMPATH\Boot.php(68): CodeIgniter\Boot::runCodeIgniter(Object(CodeIgniter\CodeIgniter))
11 FCPATH\index.php(59): CodeIgniter\Boot::bootWeb(Object(Config\Paths))
12 SYSTEMPATH\rewrite.php(44): require_once('C:\\Users\\Usuario\\Desktop\\rede-social\\public\\index.php')
DEBUG - 2026-03-31 00:43:09 --> Session: Class initialized using 'CodeIgniter\Session\Handlers\FileHandler' driver.
DEBUG - 2026-03-31 00:43:24 --> Session: Class initialized using 'CodeIgniter\Session\Handlers\FileHandler' driver.
DEBUG - 2026-03-31 00:43:25 --> Session: Class initialized using 'CodeIgniter\Session\Handlers\FileHandler' driver.
WARNING - 2026-03-31 00:43:25 --> [DEPRECATED] strtotime(): Passing null to parameter #1 ($datetime) of type string is deprecated in APPPATH\Views\feed\index.php on line 250.
 1 APPPATH\Views\feed\index.php(250): strtotime(null)
 2 SYSTEMPATH\View\View.php(240): include('C:\\Users\\Usuario\\Desktop\\rede-social\\app\\Views\\feed\\index.php')
 3 SYSTEMPATH\View\View.php(243): CodeIgniter\View\View->CodeIgniter\View\{closure}()
 4 SYSTEMPATH\Common.php(1250): CodeIgniter\View\View->render('feed/index', [], true)
 5 APPPATH\Controllers\PostController.php(24): view('feed/index', [...])
 6 SYSTEMPATH\CodeIgniter.php(951): App\Controllers\PostController->index()
 7 SYSTEMPATH\CodeIgniter.php(497): CodeIgniter\CodeIgniter->runController(Object(App\Controllers\PostController))
 8 SYSTEMPATH\CodeIgniter.php(340): CodeIgniter\CodeIgniter->handleRequest(null, Object(Config\Cache), false)
 9 SYSTEMPATH\Boot.php(417): CodeIgniter\CodeIgniter->run()
10 SYSTEMPATH\Boot.php(68): CodeIgniter\Boot::runCodeIgniter(Object(CodeIgniter\CodeIgniter))
11 FCPATH\index.php(59): CodeIgniter\Boot::bootWeb(Object(Config\Paths))
12 SYSTEMPATH\rewrite.php(44): require_once('C:\\Users\\Usuario\\Desktop\\rede-social\\public\\index.php')
WARNING - 2026-03-31 00:43:25 --> [DEPRECATED] strtotime(): Passing null to parameter #1 ($datetime) of type string is deprecated in APPPATH\Views\feed\index.php on line 250.
 1 APPPATH\Views\feed\index.php(250): strtotime(null)
 2 SYSTEMPATH\View\View.php(240): include('C:\\Users\\Usuario\\Desktop\\rede-social\\app\\Views\\feed\\index.php')
 3 SYSTEMPATH\View\View.php(243): CodeIgniter\View\View->CodeIgniter\View\{closure}()
 4 SYSTEMPATH\Common.php(1250): CodeIgniter\View\View->render('feed/index', [], true)
 5 APPPATH\Controllers\PostController.php(24): view('feed/index', [...])
 6 SYSTEMPATH\CodeIgniter.php(951): App\Controllers\PostController->index()
 7 SYSTEMPATH\CodeIgniter.php(497): CodeIgniter\CodeIgniter->runController(Object(App\Controllers\PostController))
 8 SYSTEMPATH\CodeIgniter.php(340): CodeIgniter\CodeIgniter->handleRequest(null, Object(Config\Cache), false)
 9 SYSTEMPATH\Boot.php(417): CodeIgniter\CodeIgniter->run()
10 SYSTEMPATH\Boot.php(68): CodeIgniter\Boot::runCodeIgniter(Object(CodeIgniter\CodeIgniter))
11 FCPATH\index.php(59): CodeIgniter\Boot::bootWeb(Object(Config\Paths))
12 SYSTEMPATH\rewrite.php(44): require_once('C:\\Users\\Usuario\\Desktop\\rede-social\\public\\index.php')
DEBUG - 2026-03-31 00:43:28 --> Session: Class initialized using 'CodeIgniter\Session\Handlers\FileHandler' driver.
DEBUG - 2026-03-31 00:46:17 --> Session: Class initialized using 'CodeIgniter\Session\Handlers\FileHandler' driver.
CRITICAL - 2026-03-31 00:46:18 --> Error: Class "App\Filters\AuthFilter" not found
[Method: GET, Route: feed]
in SYSTEMPATH\Filters\Filters.php on line 299.
 1 SYSTEMPATH\Filters\Filters.php(239): CodeIgniter\Filters\Filters->createFilter('App\\Filters\\AuthFilter')
 2 SYSTEMPATH\Filters\Filters.php(221): CodeIgniter\Filters\Filters->runBefore([...])
 3 SYSTEMPATH\CodeIgniter.php(465): CodeIgniter\Filters\Filters->run('feed', 'before')
 4 SYSTEMPATH\CodeIgniter.php(340): CodeIgniter\CodeIgniter->handleRequest(null, Object(Config\Cache), false)
 5 SYSTEMPATH\Boot.php(417): CodeIgniter\CodeIgniter->run()
 6 SYSTEMPATH\Boot.php(68): CodeIgniter\Boot::runCodeIgniter(Object(CodeIgniter\CodeIgniter))
 7 FCPATH\index.php(59): CodeIgniter\Boot::bootWeb(Object(Config\Paths))
 8 SYSTEMPATH\rewrite.php(44): require_once('C:\\Users\\Usuario\\Desktop\\rede-social\\public\\index.php')
