ERROR - 2026-03-30 20:08:29 --> Error connecting to the database: mysqli_sql_exception: Access denied for user 'root'@'localhost' (using password: NO) in C:\Users\Usuario\Desktop\rede-social\vendor\codeigniter4\framework\system\Database\MySQLi\Connection.php:201
Stack trace:
#0 C:\Users\Usuario\Desktop\rede-social\vendor\codeigniter4\framework\system\Database\MySQLi\Connection.php(201): mysqli->real_connect('localhost', 'root', Object(SensitiveParameterValue), 'academico_net', 3306, '', 0)
#1 C:\Users\Usuario\Desktop\rede-social\vendor\codeigniter4\framework\system\Database\BaseConnection.php(555): CodeIgniter\Database\MySQLi\Connection->connect(false)
#2 C:\Users\Usuario\Desktop\rede-social\vendor\codeigniter4\framework\system\Database\BaseConnection.php(795): CodeIgniter\Database\BaseConnection->initialize()
#3 C:\Users\Usuario\Desktop\rede-social\vendor\codeigniter4\framework\system\Database\BaseConnection.php(1706): CodeIgniter\Database\BaseConnection->query('SHOW TABLES FRO...')
#4 C:\Users\Usuario\Desktop\rede-social\vendor\codeigniter4\framework\system\Database\BaseConnection.php(1726): CodeIgniter\Database\BaseConnection->listTables()
#5 C:\Users\Usuario\Desktop\rede-social\vendor\codeigniter4\framework\system\Database\MigrationRunner.php(821): CodeIgniter\Database\BaseConnection->tableExists('migrations')
#6 C:\Users\Usuario\Desktop\rede-social\vendor\codeigniter4\framework\system\Database\MigrationRunner.php(173): CodeIgniter\Database\MigrationRunner->ensureTable()
#7 C:\Users\Usuario\Desktop\rede-social\vendor\codeigniter4\framework\system\Commands\Database\Migrate.php(89): CodeIgniter\Database\MigrationRunner->latest(NULL)
#8 C:\Users\Usuario\Desktop\rede-social\vendor\codeigniter4\framework\system\CLI\SignalTrait.php(245): CodeIgniter\Commands\Database\Migrate::CodeIgniter\Commands\Database\{closure}()
#9 C:\Users\Usuario\Desktop\rede-social\vendor\codeigniter4\framework\system\Commands\Database\Migrate.php(88): CodeIgniter\Commands\Database\Migrate->withSignalsBlocked(Object(Closure))
#10 C:\Users\Usuario\Desktop\rede-social\vendor\codeigniter4\framework\system\CLI\Commands.php(74): CodeIgniter\Commands\Database\Migrate->run(Array)
#11 C:\Users\Usuario\Desktop\rede-social\vendor\codeigniter4\framework\system\CLI\Console.php(47): CodeIgniter\CLI\Commands->run('migrate', Array)
#12 C:\Users\Usuario\Desktop\rede-social\vendor\codeigniter4\framework\system\Boot.php(442): CodeIgniter\CLI\Console->run()
#13 C:\Users\Usuario\Desktop\rede-social\vendor\codeigniter4\framework\system\Boot.php(166): CodeIgniter\Boot::runCommand(Object(CodeIgniter\CLI\Console))
#14 C:\Users\Usuario\Desktop\rede-social\spark(87): CodeIgniter\Boot::bootSpark(Object(Config\Paths))
#15 {main}

Next CodeIgniter\Database\Exceptions\DatabaseException: Access denied for user '****'@'localhost' (using password: NO) in C:\Users\Usuario\Desktop\rede-social\vendor\codeigniter4\framework\system\Database\MySQLi\Connection.php:231
Stack trace:
#0 C:\Users\Usuario\Desktop\rede-social\vendor\codeigniter4\framework\system\Database\BaseConnection.php(555): CodeIgniter\Database\MySQLi\Connection->connect(false)
#1 C:\Users\Usuario\Desktop\rede-social\vendor\codeigniter4\framework\system\Database\BaseConnection.php(795): CodeIgniter\Database\BaseConnection->initialize()
#2 C:\Users\Usuario\Desktop\rede-social\vendor\codeigniter4\framework\system\Database\BaseConnection.php(1706): CodeIgniter\Database\BaseConnection->query('SHOW TABLES FRO...')
#3 C:\Users\Usuario\Desktop\rede-social\vendor\codeigniter4\framework\system\Database\BaseConnection.php(1726): CodeIgniter\Database\BaseConnection->listTables()
#4 C:\Users\Usuario\Desktop\rede-social\vendor\codeigniter4\framework\system\Database\MigrationRunner.php(821): CodeIgniter\Database\BaseConnection->tableExists('migrations')
#5 C:\Users\Usuario\Desktop\rede-social\vendor\codeigniter4\framework\system\Database\MigrationRunner.php(173): CodeIgniter\Database\MigrationRunner->ensureTable()
#6 C:\Users\Usuario\Desktop\rede-social\vendor\codeigniter4\framework\system\Commands\Database\Migrate.php(89): CodeIgniter\Database\MigrationRunner->latest(NULL)
#7 C:\Users\Usuario\Desktop\rede-social\vendor\codeigniter4\framework\system\CLI\SignalTrait.php(245): CodeIgniter\Commands\Database\Migrate::CodeIgniter\Commands\Database\{closure}()
#8 C:\Users\Usuario\Desktop\rede-social\vendor\codeigniter4\framework\system\Commands\Database\Migrate.php(88): CodeIgniter\Commands\Database\Migrate->withSignalsBlocked(Object(Closure))
#9 C:\Users\Usuario\Desktop\rede-social\vendor\codeigniter4\framework\system\CLI\Commands.php(74): CodeIgniter\Commands\Database\Migrate->run(Array)
#10 C:\Users\Usuario\Desktop\rede-social\vendor\codeigniter4\framework\system\CLI\Console.php(47): CodeIgniter\CLI\Commands->run('migrate', Array)
#11 C:\Users\Usuario\Desktop\rede-social\vendor\codeigniter4\framework\system\Boot.php(442): CodeIgniter\CLI\Console->run()
#12 C:\Users\Usuario\Desktop\rede-social\vendor\codeigniter4\framework\system\Boot.php(166): CodeIgniter\Boot::runCommand(Object(CodeIgniter\CLI\Console))
#13 C:\Users\Usuario\Desktop\rede-social\spark(87): CodeIgniter\Boot::bootSpark(Object(Config\Paths))
#14 {main}
ERROR - 2026-03-30 20:37:08 --> Invalid default value for 'created_at'
in SYSTEMPATH\Database\MySQLi\Connection.php on line 300.
 1 SYSTEMPATH\Database\MySQLi\Connection.php(300): mysqli->query('CREATE TABLE `postagens` (
	`id` INT(11) NOT NULL AUTO_INCREMENT,
	`usuario_id` INT(11) NOT NULL,
	`texto` TEXT NOT NULL,
	`created_at` DATETIME NOT NULL DEFAULT \'CURRENT_TIMESTAMP\',
	CONSTRAINT `pk_postagens` PRIMARY KEY(`id`),
	CONSTRAINT `postagens_usuario_id_foreign` FOREIGN KEY (`usuario_id`) REFERENCES `usuarios`(`id`) ON DELETE CASCADE ON UPDATE CASCADE
) DEFAULT CHARACTER SET = utf8mb4 COLLATE = utf8mb4_general_ci', 0)
 2 SYSTEMPATH\Database\BaseConnection.php(910): CodeIgniter\Database\MySQLi\Connection->execute('CREATE TABLE `postagens` (
	`id` INT(11) NOT NULL AUTO_INCREMENT,
	`usuario_id` INT(11) NOT NULL,
	`texto` TEXT NOT NULL,
	`created_at` DATETIME NOT NULL DEFAULT \'CURRENT_TIMESTAMP\',
	CONSTRAINT `pk_postagens` PRIMARY KEY(`id`),
	CONSTRAINT `postagens_usuario_id_foreign` FOREIGN KEY (`usuario_id`) REFERENCES `usuarios`(`id`) ON DELETE CASCADE ON UPDATE CASCADE
) DEFAULT CHARACTER SET = utf8mb4 COLLATE = utf8mb4_general_ci')
 3 SYSTEMPATH\Database\BaseConnection.php(827): CodeIgniter\Database\BaseConnection->simpleQuery('CREATE TABLE `postagens` (
	`id` INT(11) NOT NULL AUTO_INCREMENT,
	`usuario_id` INT(11) NOT NULL,
	`texto` TEXT NOT NULL,
	`created_at` DATETIME NOT NULL DEFAULT \'CURRENT_TIMESTAMP\',
	CONSTRAINT `pk_postagens` PRIMARY KEY(`id`),
	CONSTRAINT `postagens_usuario_id_foreign` FOREIGN KEY (`usuario_id`) REFERENCES `usuarios`(`id`) ON DELETE CASCADE ON UPDATE CASCADE
) DEFAULT CHARACTER SET = utf8mb4 COLLATE = utf8mb4_general_ci')
 4 SYSTEMPATH\Database\Forge.php(570): CodeIgniter\Database\BaseConnection->query('CREATE TABLE `postagens` (
	`id` INT(11) NOT NULL AUTO_INCREMENT,
	`usuario_id` INT(11) NOT NULL,
	`texto` TEXT NOT NULL,
	`created_at` DATETIME NOT NULL DEFAULT \'CURRENT_TIMESTAMP\',
	CONSTRAINT `pk_postagens` PRIMARY KEY(`id`),
	CONSTRAINT `postagens_usuario_id_foreign` FOREIGN KEY (`usuario_id`) REFERENCES `usuarios`(`id`) ON DELETE CASCADE ON UPDATE CASCADE
) DEFAULT CHARACTER SET = utf8mb4 COLLATE = utf8mb4_general_ci')
 5 APPPATH\Database\Migrations\2026-03-30-203645_CreatePostagens.php(32): CodeIgniter\Database\Forge->createTable('postagens')
 6 SYSTEMPATH\Database\MigrationRunner.php(1014): App\Database\Migrations\CreatePostagens->up()
 7 SYSTEMPATH\Database\MigrationRunner.php(202): CodeIgniter\Database\MigrationRunner->migrate('up', Object(stdClass))
 8 SYSTEMPATH\Commands\Database\Migrate.php(89): CodeIgniter\Database\MigrationRunner->latest(null)
 9 SYSTEMPATH\CLI\SignalTrait.php(245): CodeIgniter\Commands\Database\Migrate::CodeIgniter\Commands\Database\{closure}()
10 SYSTEMPATH\Commands\Database\Migrate.php(88): CodeIgniter\Commands\Database\Migrate->withSignalsBlocked(Object(Closure))
11 SYSTEMPATH\CLI\Commands.php(74): CodeIgniter\Commands\Database\Migrate->run([])
12 SYSTEMPATH\CLI\Console.php(47): CodeIgniter\CLI\Commands->run('migrate', [])
13 SYSTEMPATH\Boot.php(442): CodeIgniter\CLI\Console->run()
14 SYSTEMPATH\Boot.php(166): CodeIgniter\Boot::runCommand(Object(CodeIgniter\CLI\Console))
15 ROOTPATH\spark(87): CodeIgniter\Boot::bootSpark(Object(Config\Paths))
ERROR - 2026-03-30 20:38:56 --> Invalid default value for 'created_at'
in SYSTEMPATH\Database\MySQLi\Connection.php on line 300.
 1 SYSTEMPATH\Database\MySQLi\Connection.php(300): mysqli->query('CREATE TABLE `postagens` (
	`id` INT(11) NOT NULL AUTO_INCREMENT,
	`usuario_id` INT(11) NOT NULL,
	`texto` TEXT NOT NULL,
	`created_at` DATETIME NOT NULL DEFAULT \'CURRENT_TIMESTAMP\',
	CONSTRAINT `pk_postagens` PRIMARY KEY(`id`),
	CONSTRAINT `postagens_usuario_id_foreign` FOREIGN KEY (`usuario_id`) REFERENCES `usuarios`(`id`) ON DELETE CASCADE ON UPDATE CASCADE
) DEFAULT CHARACTER SET = utf8mb4 COLLATE = utf8mb4_general_ci', 0)
 2 SYSTEMPATH\Database\BaseConnection.php(910): CodeIgniter\Database\MySQLi\Connection->execute('CREATE TABLE `postagens` (
	`id` INT(11) NOT NULL AUTO_INCREMENT,
	`usuario_id` INT(11) NOT NULL,
	`texto` TEXT NOT NULL,
	`created_at` DATETIME NOT NULL DEFAULT \'CURRENT_TIMESTAMP\',
	CONSTRAINT `pk_postagens` PRIMARY KEY(`id`),
	CONSTRAINT `postagens_usuario_id_foreign` FOREIGN KEY (`usuario_id`) REFERENCES `usuarios`(`id`) ON DELETE CASCADE ON UPDATE CASCADE
) DEFAULT CHARACTER SET = utf8mb4 COLLATE = utf8mb4_general_ci')
 3 SYSTEMPATH\Database\BaseConnection.php(827): CodeIgniter\Database\BaseConnection->simpleQuery('CREATE TABLE `postagens` (
	`id` INT(11) NOT NULL AUTO_INCREMENT,
	`usuario_id` INT(11) NOT NULL,
	`texto` TEXT NOT NULL,
	`created_at` DATETIME NOT NULL DEFAULT \'CURRENT_TIMESTAMP\',
	CONSTRAINT `pk_postagens` PRIMARY KEY(`id`),
	CONSTRAINT `postagens_usuario_id_foreign` FOREIGN KEY (`usuario_id`) REFERENCES `usuarios`(`id`) ON DELETE CASCADE ON UPDATE CASCADE
) DEFAULT CHARACTER SET = utf8mb4 COLLATE = utf8mb4_general_ci')
 4 SYSTEMPATH\Database\Forge.php(570): CodeIgniter\Database\BaseConnection->query('CREATE TABLE `postagens` (
	`id` INT(11) NOT NULL AUTO_INCREMENT,
	`usuario_id` INT(11) NOT NULL,
	`texto` TEXT NOT NULL,
	`created_at` DATETIME NOT NULL DEFAULT \'CURRENT_TIMESTAMP\',
	CONSTRAINT `pk_postagens` PRIMARY KEY(`id`),
	CONSTRAINT `postagens_usuario_id_foreign` FOREIGN KEY (`usuario_id`) REFERENCES `usuarios`(`id`) ON DELETE CASCADE ON UPDATE CASCADE
) DEFAULT CHARACTER SET = utf8mb4 COLLATE = utf8mb4_general_ci')
 5 APPPATH\Database\Migrations\2026-03-30-203645_CreatePostagens.php(32): CodeIgniter\Database\Forge->createTable('postagens')
 6 SYSTEMPATH\Database\MigrationRunner.php(1014): App\Database\Migrations\CreatePostagens->up()
 7 SYSTEMPATH\Database\MigrationRunner.php(202): CodeIgniter\Database\MigrationRunner->migrate('up', Object(stdClass))
 8 SYSTEMPATH\Commands\Database\Migrate.php(89): CodeIgniter\Database\MigrationRunner->latest(null)
 9 SYSTEMPATH\CLI\SignalTrait.php(245): CodeIgniter\Commands\Database\Migrate::CodeIgniter\Commands\Database\{closure}()
10 SYSTEMPATH\Commands\Database\Migrate.php(88): CodeIgniter\Commands\Database\Migrate->withSignalsBlocked(Object(Closure))
11 SYSTEMPATH\CLI\Commands.php(74): CodeIgniter\Commands\Database\Migrate->run([...])
12 SYSTEMPATH\CLI\BaseCommand.php(119): CodeIgniter\CLI\Commands->run('migrate', [...])
13 SYSTEMPATH\Commands\Database\MigrateRefresh.php(91): CodeIgniter\CLI\BaseCommand->call('migrate', [...])
14 SYSTEMPATH\CLI\SignalTrait.php(245): CodeIgniter\Commands\Database\MigrateRefresh->CodeIgniter\Commands\Database\{closure}()
15 SYSTEMPATH\Commands\Database\MigrateRefresh.php(89): CodeIgniter\Commands\Database\MigrateRefresh->withSignalsBlocked(Object(Closure))
16 SYSTEMPATH\CLI\Commands.php(74): CodeIgniter\Commands\Database\MigrateRefresh->run([...])
17 SYSTEMPATH\CLI\Console.php(47): CodeIgniter\CLI\Commands->run('migrate:refresh', [])
18 SYSTEMPATH\Boot.php(442): CodeIgniter\CLI\Console->run()
19 SYSTEMPATH\Boot.php(166): CodeIgniter\Boot::runCommand(Object(CodeIgniter\CLI\Console))
20 ROOTPATH\spark(87): CodeIgniter\Boot::bootSpark(Object(Config\Paths))
ERROR - 2026-03-30 20:42:40 --> Invalid default value for 'created_at'
in SYSTEMPATH\Database\MySQLi\Connection.php on line 300.
 1 SYSTEMPATH\Database\MySQLi\Connection.php(300): mysqli->query('CREATE TABLE `usuarios` (
	`id` INT(11) NOT NULL AUTO_INCREMENT,
	`nome` VARCHAR(100) NOT NULL,
	`email` VARCHAR(100) NOT NULL UNIQUE,
	`senha` VARCHAR(255) NOT NULL,
	`created_at` DATETIME NOT NULL DEFAULT \'CURRENT_TIMESTAMP\',
	`updated_at` DATETIME NULL DEFAULT NULL,
	CONSTRAINT `pk_usuarios` PRIMARY KEY(`id`)
) DEFAULT CHARACTER SET = utf8mb4 COLLATE = utf8mb4_general_ci', 0)
 2 SYSTEMPATH\Database\BaseConnection.php(910): CodeIgniter\Database\MySQLi\Connection->execute('CREATE TABLE `usuarios` (
	`id` INT(11) NOT NULL AUTO_INCREMENT,
	`nome` VARCHAR(100) NOT NULL,
	`email` VARCHAR(100) NOT NULL UNIQUE,
	`senha` VARCHAR(255) NOT NULL,
	`created_at` DATETIME NOT NULL DEFAULT \'CURRENT_TIMESTAMP\',
	`updated_at` DATETIME NULL DEFAULT NULL,
	CONSTRAINT `pk_usuarios` PRIMARY KEY(`id`)
) DEFAULT CHARACTER SET = utf8mb4 COLLATE = utf8mb4_general_ci')
 3 SYSTEMPATH\Database\BaseConnection.php(827): CodeIgniter\Database\BaseConnection->simpleQuery('CREATE TABLE `usuarios` (
	`id` INT(11) NOT NULL AUTO_INCREMENT,
	`nome` VARCHAR(100) NOT NULL,
	`email` VARCHAR(100) NOT NULL UNIQUE,
	`senha` VARCHAR(255) NOT NULL,
	`created_at` DATETIME NOT NULL DEFAULT \'CURRENT_TIMESTAMP\',
	`updated_at` DATETIME NULL DEFAULT NULL,
	CONSTRAINT `pk_usuarios` PRIMARY KEY(`id`)
) DEFAULT CHARACTER SET = utf8mb4 COLLATE = utf8mb4_general_ci')
 4 SYSTEMPATH\Database\Forge.php(570): CodeIgniter\Database\BaseConnection->query('CREATE TABLE `usuarios` (
	`id` INT(11) NOT NULL AUTO_INCREMENT,
	`nome` VARCHAR(100) NOT NULL,
	`email` VARCHAR(100) NOT NULL UNIQUE,
	`senha` VARCHAR(255) NOT NULL,
	`created_at` DATETIME NOT NULL DEFAULT \'CURRENT_TIMESTAMP\',
	`updated_at` DATETIME NULL DEFAULT NULL,
	CONSTRAINT `pk_usuarios` PRIMARY KEY(`id`)
) DEFAULT CHARACTER SET = utf8mb4 COLLATE = utf8mb4_general_ci')
 5 APPPATH\Database\Migrations\2026-03-30-204202_CreateUsuarios.php(51): CodeIgniter\Database\Forge->createTable('usuarios')
 6 SYSTEMPATH\Database\MigrationRunner.php(1014): App\Database\Migrations\CreateUsuarios->up()
 7 SYSTEMPATH\Database\MigrationRunner.php(202): CodeIgniter\Database\MigrationRunner->migrate('up', Object(stdClass))
 8 SYSTEMPATH\Commands\Database\Migrate.php(89): CodeIgniter\Database\MigrationRunner->latest(null)
 9 SYSTEMPATH\CLI\SignalTrait.php(245): CodeIgniter\Commands\Database\Migrate::CodeIgniter\Commands\Database\{closure}()
10 SYSTEMPATH\Commands\Database\Migrate.php(88): CodeIgniter\Commands\Database\Migrate->withSignalsBlocked(Object(Closure))
11 SYSTEMPATH\CLI\Commands.php(74): CodeIgniter\Commands\Database\Migrate->run([])
12 SYSTEMPATH\CLI\Console.php(47): CodeIgniter\CLI\Commands->run('migrate', [])
13 SYSTEMPATH\Boot.php(442): CodeIgniter\CLI\Console->run()
14 SYSTEMPATH\Boot.php(166): CodeIgniter\Boot::runCommand(Object(CodeIgniter\CLI\Console))
15 ROOTPATH\spark(87): CodeIgniter\Boot::bootSpark(Object(Config\Paths))
DEBUG - 2026-03-30 23:04:39 --> Session: Class initialized using 'CodeIgniter\Session\Handlers\FileHandler' driver.
DEBUG - 2026-03-30 23:05:05 --> Session: Class initialized using 'CodeIgniter\Session\Handlers\FileHandler' driver.
DEBUG - 2026-03-30 23:05:06 --> Session: Class initialized using 'CodeIgniter\Session\Handlers\FileHandler' driver.
DEBUG - 2026-03-30 23:06:17 --> Session: Class initialized using 'CodeIgniter\Session\Handlers\FileHandler' driver.
DEBUG - 2026-03-30 23:06:17 --> Session: Class initialized using 'CodeIgniter\Session\Handlers\FileHandler' driver.
DEBUG - 2026-03-30 23:06:21 --> Session: Class initialized using 'CodeIgniter\Session\Handlers\FileHandler' driver.
DEBUG - 2026-03-30 23:06:22 --> Session: Class initialized using 'CodeIgniter\Session\Handlers\FileHandler' driver.
DEBUG - 2026-03-30 23:07:57 --> Session: Class initialized using 'CodeIgniter\Session\Handlers\FileHandler' driver.
WARNING - 2026-03-30 23:07:57 --> [DEPRECATED] strtotime(): Passing null to parameter #1 ($datetime) of type string is deprecated in APPPATH\Views\feed\index.php on line 84.
 1 APPPATH\Views\feed\index.php(84): strtotime(null)
 2 SYSTEMPATH\View\View.php(240): include('C:\\Users\\Usuario\\Desktop\\rede-social\\app\\Views\\feed\\index.php')
 3 SYSTEMPATH\View\View.php(243): CodeIgniter\View\View->CodeIgniter\View\{closure}()
 4 SYSTEMPATH\Common.php(1250): CodeIgniter\View\View->render('feed/index', [], true)
 5 APPPATH\Controllers\PostController.php(24): view('feed/index', [...])
 6 SYSTEMPATH\CodeIgniter.php(951): App\Controllers\PostController->index()
 7 SYSTEMPATH\CodeIgniter.php(497): CodeIgniter\CodeIgniter->runController(Object(App\Controllers\PostController))
 8 SYSTEMPATH\CodeIgniter.php(340): CodeIgniter\CodeIgniter->handleRequest(null, Object(Config\Cache), false)
 9 SYSTEMPATH\Boot.php(417): CodeIgniter\CodeIgniter->run()
10 SYSTEMPATH\Boot.php(68): CodeIgniter\Boot::runCodeIgniter(Object(CodeIgniter\CodeIgniter))
11 FCPATH\index.php(59): CodeIgniter\Boot::bootWeb(Object(Config\Paths))
12 SYSTEMPATH\rewrite.php(44): require_once('C:\\Users\\Usuario\\Desktop\\rede-social\\public\\index.php')
DEBUG - 2026-03-30 23:08:49 --> Session: Class initialized using 'CodeIgniter\Session\Handlers\FileHandler' driver.
WARNING - 2026-03-30 23:08:49 --> [DEPRECATED] strtotime(): Passing null to parameter #1 ($datetime) of type string is deprecated in APPPATH\Views\feed\index.php on line 133.
 1 APPPATH\Views\feed\index.php(133): strtotime(null)
 2 SYSTEMPATH\View\View.php(240): include('C:\\Users\\Usuario\\Desktop\\rede-social\\app\\Views\\feed\\index.php')
 3 SYSTEMPATH\View\View.php(243): CodeIgniter\View\View->CodeIgniter\View\{closure}()
 4 SYSTEMPATH\Common.php(1250): CodeIgniter\View\View->render('feed/index', [], true)
 5 APPPATH\Controllers\PostController.php(24): view('feed/index', [...])
 6 SYSTEMPATH\CodeIgniter.php(951): App\Controllers\PostController->index()
 7 SYSTEMPATH\CodeIgniter.php(497): CodeIgniter\CodeIgniter->runController(Object(App\Controllers\PostController))
 8 SYSTEMPATH\CodeIgniter.php(340): CodeIgniter\CodeIgniter->handleRequest(null, Object(Config\Cache), false)
 9 SYSTEMPATH\Boot.php(417): CodeIgniter\CodeIgniter->run()
10 SYSTEMPATH\Boot.php(68): CodeIgniter\Boot::runCodeIgniter(Object(CodeIgniter\CodeIgniter))
11 FCPATH\index.php(59): CodeIgniter\Boot::bootWeb(Object(Config\Paths))
12 SYSTEMPATH\rewrite.php(44): require_once('C:\\Users\\Usuario\\Desktop\\rede-social\\public\\index.php')
DEBUG - 2026-03-30 23:09:32 --> Session: Class initialized using 'CodeIgniter\Session\Handlers\FileHandler' driver.
WARNING - 2026-03-30 23:09:32 --> [DEPRECATED] strtotime(): Passing null to parameter #1 ($datetime) of type string is deprecated in APPPATH\Views\feed\index.php on line 159.
 1 APPPATH\Views\feed\index.php(159): strtotime(null)
 2 SYSTEMPATH\View\View.php(240): include('C:\\Users\\Usuario\\Desktop\\rede-social\\app\\Views\\feed\\index.php')
 3 SYSTEMPATH\View\View.php(243): CodeIgniter\View\View->CodeIgniter\View\{closure}()
 4 SYSTEMPATH\Common.php(1250): CodeIgniter\View\View->render('feed/index', [], true)
 5 APPPATH\Controllers\PostController.php(24): view('feed/index', [...])
 6 SYSTEMPATH\CodeIgniter.php(951): App\Controllers\PostController->index()
 7 SYSTEMPATH\CodeIgniter.php(497): CodeIgniter\CodeIgniter->runController(Object(App\Controllers\PostController))
 8 SYSTEMPATH\CodeIgniter.php(340): CodeIgniter\CodeIgniter->handleRequest(null, Object(Config\Cache), false)
 9 SYSTEMPATH\Boot.php(417): CodeIgniter\CodeIgniter->run()
10 SYSTEMPATH\Boot.php(68): CodeIgniter\Boot::runCodeIgniter(Object(CodeIgniter\CodeIgniter))
11 FCPATH\index.php(59): CodeIgniter\Boot::bootWeb(Object(Config\Paths))
12 SYSTEMPATH\rewrite.php(44): require_once('C:\\Users\\Usuario\\Desktop\\rede-social\\public\\index.php')
DEBUG - 2026-03-30 23:11:25 --> Session: Class initialized using 'CodeIgniter\Session\Handlers\FileHandler' driver.
DEBUG - 2026-03-30 23:11:26 --> Session: Class initialized using 'CodeIgniter\Session\Handlers\FileHandler' driver.
WARNING - 2026-03-30 23:11:26 --> [DEPRECATED] strtotime(): Passing null to parameter #1 ($datetime) of type string is deprecated in APPPATH\Views\feed\index.php on line 184.
 1 APPPATH\Views\feed\index.php(184): strtotime(null)
 2 SYSTEMPATH\View\View.php(240): include('C:\\Users\\Usuario\\Desktop\\rede-social\\app\\Views\\feed\\index.php')
 3 SYSTEMPATH\View\View.php(243): CodeIgniter\View\View->CodeIgniter\View\{closure}()
 4 SYSTEMPATH\Common.php(1250): CodeIgniter\View\View->render('feed/index', [], true)
 5 APPPATH\Controllers\PostController.php(24): view('feed/index', [...])
 6 SYSTEMPATH\CodeIgniter.php(951): App\Controllers\PostController->index()
 7 SYSTEMPATH\CodeIgniter.php(497): CodeIgniter\CodeIgniter->runController(Object(App\Controllers\PostController))
 8 SYSTEMPATH\CodeIgniter.php(340): CodeIgniter\CodeIgniter->handleRequest(null, Object(Config\Cache), false)
 9 SYSTEMPATH\Boot.php(417): CodeIgniter\CodeIgniter->run()
10 SYSTEMPATH\Boot.php(68): CodeIgniter\Boot::runCodeIgniter(Object(CodeIgniter\CodeIgniter))
11 FCPATH\index.php(59): CodeIgniter\Boot::bootWeb(Object(Config\Paths))
12 SYSTEMPATH\rewrite.php(44): require_once('C:\\Users\\Usuario\\Desktop\\rede-social\\public\\index.php')
DEBUG - 2026-03-30 23:12:22 --> Session: Class initialized using 'CodeIgniter\Session\Handlers\FileHandler' driver.
WARNING - 2026-03-30 23:12:22 --> [DEPRECATED] strtotime(): Passing null to parameter #1 ($datetime) of type string is deprecated in APPPATH\Views\feed\index.php on line 230.
 1 APPPATH\Views\feed\index.php(230): strtotime(null)
 2 SYSTEMPATH\View\View.php(240): include('C:\\Users\\Usuario\\Desktop\\rede-social\\app\\Views\\feed\\index.php')
 3 SYSTEMPATH\View\View.php(243): CodeIgniter\View\View->CodeIgniter\View\{closure}()
 4 SYSTEMPATH\Common.php(1250): CodeIgniter\View\View->render('feed/index', [], true)
 5 APPPATH\Controllers\PostController.php(24): view('feed/index', [...])
 6 SYSTEMPATH\CodeIgniter.php(951): App\Controllers\PostController->index()
 7 SYSTEMPATH\CodeIgniter.php(497): CodeIgniter\CodeIgniter->runController(Object(App\Controllers\PostController))
 8 SYSTEMPATH\CodeIgniter.php(340): CodeIgniter\CodeIgniter->handleRequest(null, Object(Config\Cache), false)
 9 SYSTEMPATH\Boot.php(417): CodeIgniter\CodeIgniter->run()
10 SYSTEMPATH\Boot.php(68): CodeIgniter\Boot::runCodeIgniter(Object(CodeIgniter\CodeIgniter))
11 FCPATH\index.php(59): CodeIgniter\Boot::bootWeb(Object(Config\Paths))
12 SYSTEMPATH\rewrite.php(44): require_once('C:\\Users\\Usuario\\Desktop\\rede-social\\public\\index.php')
DEBUG - 2026-03-30 23:13:00 --> Session: Class initialized using 'CodeIgniter\Session\Handlers\FileHandler' driver.
WARNING - 2026-03-30 23:13:00 --> [DEPRECATED] strtotime(): Passing null to parameter #1 ($datetime) of type string is deprecated in APPPATH\Views\feed\index.php on line 225.
 1 APPPATH\Views\feed\index.php(225): strtotime(null)
 2 SYSTEMPATH\View\View.php(240): include('C:\\Users\\Usuario\\Desktop\\rede-social\\app\\Views\\feed\\index.php')
 3 SYSTEMPATH\View\View.php(243): CodeIgniter\View\View->CodeIgniter\View\{closure}()
 4 SYSTEMPATH\Common.php(1250): CodeIgniter\View\View->render('feed/index', [], true)
 5 APPPATH\Controllers\PostController.php(24): view('feed/index', [...])
 6 SYSTEMPATH\CodeIgniter.php(951): App\Controllers\PostController->index()
 7 SYSTEMPATH\CodeIgniter.php(497): CodeIgniter\CodeIgniter->runController(Object(App\Controllers\PostController))
 8 SYSTEMPATH\CodeIgniter.php(340): CodeIgniter\CodeIgniter->handleRequest(null, Object(Config\Cache), false)
 9 SYSTEMPATH\Boot.php(417): CodeIgniter\CodeIgniter->run()
10 SYSTEMPATH\Boot.php(68): CodeIgniter\Boot::runCodeIgniter(Object(CodeIgniter\CodeIgniter))
11 FCPATH\index.php(59): CodeIgniter\Boot::bootWeb(Object(Config\Paths))
12 SYSTEMPATH\rewrite.php(44): require_once('C:\\Users\\Usuario\\Desktop\\rede-social\\public\\index.php')
DEBUG - 2026-03-30 23:13:43 --> Session: Class initialized using 'CodeIgniter\Session\Handlers\FileHandler' driver.
WARNING - 2026-03-30 23:13:43 --> [DEPRECATED] strtotime(): Passing null to parameter #1 ($datetime) of type string is deprecated in APPPATH\Views\feed\index.php on line 151.
 1 APPPATH\Views\feed\index.php(151): strtotime(null)
 2 SYSTEMPATH\View\View.php(240): include('C:\\Users\\Usuario\\Desktop\\rede-social\\app\\Views\\feed\\index.php')
 3 SYSTEMPATH\View\View.php(243): CodeIgniter\View\View->CodeIgniter\View\{closure}()
 4 SYSTEMPATH\Common.php(1250): CodeIgniter\View\View->render('feed/index', [], true)
 5 APPPATH\Controllers\PostController.php(24): view('feed/index', [...])
 6 SYSTEMPATH\CodeIgniter.php(951): App\Controllers\PostController->index()
 7 SYSTEMPATH\CodeIgniter.php(497): CodeIgniter\CodeIgniter->runController(Object(App\Controllers\PostController))
 8 SYSTEMPATH\CodeIgniter.php(340): CodeIgniter\CodeIgniter->handleRequest(null, Object(Config\Cache), false)
 9 SYSTEMPATH\Boot.php(417): CodeIgniter\CodeIgniter->run()
10 SYSTEMPATH\Boot.php(68): CodeIgniter\Boot::runCodeIgniter(Object(CodeIgniter\CodeIgniter))
11 FCPATH\index.php(59): CodeIgniter\Boot::bootWeb(Object(Config\Paths))
12 SYSTEMPATH\rewrite.php(44): require_once('C:\\Users\\Usuario\\Desktop\\rede-social\\public\\index.php')
DEBUG - 2026-03-30 23:13:45 --> Session: Class initialized using 'CodeIgniter\Session\Handlers\FileHandler' driver.
WARNING - 2026-03-30 23:13:45 --> [DEPRECATED] strtotime(): Passing null to parameter #1 ($datetime) of type string is deprecated in APPPATH\Views\feed\index.php on line 151.
 1 APPPATH\Views\feed\index.php(151): strtotime(null)
 2 SYSTEMPATH\View\View.php(240): include('C:\\Users\\Usuario\\Desktop\\rede-social\\app\\Views\\feed\\index.php')
 3 SYSTEMPATH\View\View.php(243): CodeIgniter\View\View->CodeIgniter\View\{closure}()
 4 SYSTEMPATH\Common.php(1250): CodeIgniter\View\View->render('feed/index', [], true)
 5 APPPATH\Controllers\PostController.php(24): view('feed/index', [...])
 6 SYSTEMPATH\CodeIgniter.php(951): App\Controllers\PostController->index()
 7 SYSTEMPATH\CodeIgniter.php(497): CodeIgniter\CodeIgniter->runController(Object(App\Controllers\PostController))
 8 SYSTEMPATH\CodeIgniter.php(340): CodeIgniter\CodeIgniter->handleRequest(null, Object(Config\Cache), false)
 9 SYSTEMPATH\Boot.php(417): CodeIgniter\CodeIgniter->run()
10 SYSTEMPATH\Boot.php(68): CodeIgniter\Boot::runCodeIgniter(Object(CodeIgniter\CodeIgniter))
11 FCPATH\index.php(59): CodeIgniter\Boot::bootWeb(Object(Config\Paths))
12 SYSTEMPATH\rewrite.php(44): require_once('C:\\Users\\Usuario\\Desktop\\rede-social\\public\\index.php')
DEBUG - 2026-03-30 23:13:49 --> Session: Class initialized using 'CodeIgniter\Session\Handlers\FileHandler' driver.
DEBUG - 2026-03-30 23:13:59 --> Session: Class initialized using 'CodeIgniter\Session\Handlers\FileHandler' driver.
DEBUG - 2026-03-30 23:13:59 --> Session: Class initialized using 'CodeIgniter\Session\Handlers\FileHandler' driver.
WARNING - 2026-03-30 23:14:00 --> [DEPRECATED] strtotime(): Passing null to parameter #1 ($datetime) of type string is deprecated in APPPATH\Views\feed\index.php on line 151.
 1 APPPATH\Views\feed\index.php(151): strtotime(null)
 2 SYSTEMPATH\View\View.php(240): include('C:\\Users\\Usuario\\Desktop\\rede-social\\app\\Views\\feed\\index.php')
 3 SYSTEMPATH\View\View.php(243): CodeIgniter\View\View->CodeIgniter\View\{closure}()
 4 SYSTEMPATH\Common.php(1250): CodeIgniter\View\View->render('feed/index', [], true)
 5 APPPATH\Controllers\PostController.php(24): view('feed/index', [...])
 6 SYSTEMPATH\CodeIgniter.php(951): App\Controllers\PostController->index()
 7 SYSTEMPATH\CodeIgniter.php(497): CodeIgniter\CodeIgniter->runController(Object(App\Controllers\PostController))
 8 SYSTEMPATH\CodeIgniter.php(340): CodeIgniter\CodeIgniter->handleRequest(null, Object(Config\Cache), false)
 9 SYSTEMPATH\Boot.php(417): CodeIgniter\CodeIgniter->run()
10 SYSTEMPATH\Boot.php(68): CodeIgniter\Boot::runCodeIgniter(Object(CodeIgniter\CodeIgniter))
11 FCPATH\index.php(59): CodeIgniter\Boot::bootWeb(Object(Config\Paths))
12 SYSTEMPATH\rewrite.php(44): require_once('C:\\Users\\Usuario\\Desktop\\rede-social\\public\\index.php')
DEBUG - 2026-03-30 23:14:28 --> Session: Class initialized using 'CodeIgniter\Session\Handlers\FileHandler' driver.
WARNING - 2026-03-30 23:14:28 --> [DEPRECATED] strtotime(): Passing null to parameter #1 ($datetime) of type string is deprecated in APPPATH\Views\feed\index.php on line 209.
 1 APPPATH\Views\feed\index.php(209): strtotime(null)
 2 SYSTEMPATH\View\View.php(240): include('C:\\Users\\Usuario\\Desktop\\rede-social\\app\\Views\\feed\\index.php')
 3 SYSTEMPATH\View\View.php(243): CodeIgniter\View\View->CodeIgniter\View\{closure}()
 4 SYSTEMPATH\Common.php(1250): CodeIgniter\View\View->render('feed/index', [], true)
 5 APPPATH\Controllers\PostController.php(24): view('feed/index', [...])
 6 SYSTEMPATH\CodeIgniter.php(951): App\Controllers\PostController->index()
 7 SYSTEMPATH\CodeIgniter.php(497): CodeIgniter\CodeIgniter->runController(Object(App\Controllers\PostController))
 8 SYSTEMPATH\CodeIgniter.php(340): CodeIgniter\CodeIgniter->handleRequest(null, Object(Config\Cache), false)
 9 SYSTEMPATH\Boot.php(417): CodeIgniter\CodeIgniter->run()
10 SYSTEMPATH\Boot.php(68): CodeIgniter\Boot::runCodeIgniter(Object(CodeIgniter\CodeIgniter))
11 FCPATH\index.php(59): CodeIgniter\Boot::bootWeb(Object(Config\Paths))
12 SYSTEMPATH\rewrite.php(44): require_once('C:\\Users\\Usuario\\Desktop\\rede-social\\public\\index.php')
DEBUG - 2026-03-30 23:15:32 --> Session: Class initialized using 'CodeIgniter\Session\Handlers\FileHandler' driver.
WARNING - 2026-03-30 23:15:32 --> [DEPRECATED] strtotime(): Passing null to parameter #1 ($datetime) of type string is deprecated in APPPATH\Views\feed\index.php on line 274.
 1 APPPATH\Views\feed\index.php(274): strtotime(null)
 2 SYSTEMPATH\View\View.php(240): include('C:\\Users\\Usuario\\Desktop\\rede-social\\app\\Views\\feed\\index.php')
 3 SYSTEMPATH\View\View.php(243): CodeIgniter\View\View->CodeIgniter\View\{closure}()
 4 SYSTEMPATH\Common.php(1250): CodeIgniter\View\View->render('feed/index', [], true)
 5 APPPATH\Controllers\PostController.php(24): view('feed/index', [...])
 6 SYSTEMPATH\CodeIgniter.php(951): App\Controllers\PostController->index()
 7 SYSTEMPATH\CodeIgniter.php(497): CodeIgniter\CodeIgniter->runController(Object(App\Controllers\PostController))
 8 SYSTEMPATH\CodeIgniter.php(340): CodeIgniter\CodeIgniter->handleRequest(null, Object(Config\Cache), false)
 9 SYSTEMPATH\Boot.php(417): CodeIgniter\CodeIgniter->run()
10 SYSTEMPATH\Boot.php(68): CodeIgniter\Boot::runCodeIgniter(Object(CodeIgniter\CodeIgniter))
11 FCPATH\index.php(59): CodeIgniter\Boot::bootWeb(Object(Config\Paths))
12 SYSTEMPATH\rewrite.php(44): require_once('C:\\Users\\Usuario\\Desktop\\rede-social\\public\\index.php')
DEBUG - 2026-03-30 23:17:15 --> Session: Class initialized using 'CodeIgniter\Session\Handlers\FileHandler' driver.
WARNING - 2026-03-30 23:17:15 --> [DEPRECATED] strtotime(): Passing null to parameter #1 ($datetime) of type string is deprecated in APPPATH\Views\feed\index.php on line 196.
 1 APPPATH\Views\feed\index.php(196): strtotime(null)
 2 SYSTEMPATH\View\View.php(240): include('C:\\Users\\Usuario\\Desktop\\rede-social\\app\\Views\\feed\\index.php')
 3 SYSTEMPATH\View\View.php(243): CodeIgniter\View\View->CodeIgniter\View\{closure}()
 4 SYSTEMPATH\Common.php(1250): CodeIgniter\View\View->render('feed/index', [], true)
 5 APPPATH\Controllers\PostController.php(24): view('feed/index', [...])
 6 SYSTEMPATH\CodeIgniter.php(951): App\Controllers\PostController->index()
 7 SYSTEMPATH\CodeIgniter.php(497): CodeIgniter\CodeIgniter->runController(Object(App\Controllers\PostController))
 8 SYSTEMPATH\CodeIgniter.php(340): CodeIgniter\CodeIgniter->handleRequest(null, Object(Config\Cache), false)
 9 SYSTEMPATH\Boot.php(417): CodeIgniter\CodeIgniter->run()
10 SYSTEMPATH\Boot.php(68): CodeIgniter\Boot::runCodeIgniter(Object(CodeIgniter\CodeIgniter))
11 FCPATH\index.php(59): CodeIgniter\Boot::bootWeb(Object(Config\Paths))
12 SYSTEMPATH\rewrite.php(44): require_once('C:\\Users\\Usuario\\Desktop\\rede-social\\public\\index.php')
DEBUG - 2026-03-30 23:17:24 --> Session: Class initialized using 'CodeIgniter\Session\Handlers\FileHandler' driver.
WARNING - 2026-03-30 23:17:24 --> [DEPRECATED] strtotime(): Passing null to parameter #1 ($datetime) of type string is deprecated in APPPATH\Views\feed\index.php on line 274.
 1 APPPATH\Views\feed\index.php(274): strtotime(null)
 2 SYSTEMPATH\View\View.php(240): include('C:\\Users\\Usuario\\Desktop\\rede-social\\app\\Views\\feed\\index.php')
 3 SYSTEMPATH\View\View.php(243): CodeIgniter\View\View->CodeIgniter\View\{closure}()
 4 SYSTEMPATH\Common.php(1250): CodeIgniter\View\View->render('feed/index', [], true)
 5 APPPATH\Controllers\PostController.php(24): view('feed/index', [...])
 6 SYSTEMPATH\CodeIgniter.php(951): App\Controllers\PostController->index()
 7 SYSTEMPATH\CodeIgniter.php(497): CodeIgniter\CodeIgniter->runController(Object(App\Controllers\PostController))
 8 SYSTEMPATH\CodeIgniter.php(340): CodeIgniter\CodeIgniter->handleRequest(null, Object(Config\Cache), false)
 9 SYSTEMPATH\Boot.php(417): CodeIgniter\CodeIgniter->run()
10 SYSTEMPATH\Boot.php(68): CodeIgniter\Boot::runCodeIgniter(Object(CodeIgniter\CodeIgniter))
11 FCPATH\index.php(59): CodeIgniter\Boot::bootWeb(Object(Config\Paths))
12 SYSTEMPATH\rewrite.php(44): require_once('C:\\Users\\Usuario\\Desktop\\rede-social\\public\\index.php')
DEBUG - 2026-03-30 23:17:55 --> Session: Class initialized using 'CodeIgniter\Session\Handlers\FileHandler' driver.
DEBUG - 2026-03-30 23:17:55 --> Session: Class initialized using 'CodeIgniter\Session\Handlers\FileHandler' driver.
WARNING - 2026-03-30 23:17:56 --> [DEPRECATED] strtotime(): Passing null to parameter #1 ($datetime) of type string is deprecated in APPPATH\Views\feed\index.php on line 274.
 1 APPPATH\Views\feed\index.php(274): strtotime(null)
 2 SYSTEMPATH\View\View.php(240): include('C:\\Users\\Usuario\\Desktop\\rede-social\\app\\Views\\feed\\index.php')
 3 SYSTEMPATH\View\View.php(243): CodeIgniter\View\View->CodeIgniter\View\{closure}()
 4 SYSTEMPATH\Common.php(1250): CodeIgniter\View\View->render('feed/index', [], true)
 5 APPPATH\Controllers\PostController.php(24): view('feed/index', [...])
 6 SYSTEMPATH\CodeIgniter.php(951): App\Controllers\PostController->index()
 7 SYSTEMPATH\CodeIgniter.php(497): CodeIgniter\CodeIgniter->runController(Object(App\Controllers\PostController))
 8 SYSTEMPATH\CodeIgniter.php(340): CodeIgniter\CodeIgniter->handleRequest(null, Object(Config\Cache), false)
 9 SYSTEMPATH\Boot.php(417): CodeIgniter\CodeIgniter->run()
10 SYSTEMPATH\Boot.php(68): CodeIgniter\Boot::runCodeIgniter(Object(CodeIgniter\CodeIgniter))
11 FCPATH\index.php(59): CodeIgniter\Boot::bootWeb(Object(Config\Paths))
12 SYSTEMPATH\rewrite.php(44): require_once('C:\\Users\\Usuario\\Desktop\\rede-social\\public\\index.php')
DEBUG - 2026-03-30 23:17:58 --> Session: Class initialized using 'CodeIgniter\Session\Handlers\FileHandler' driver.
DEBUG - 2026-03-30 23:17:58 --> Session: Class initialized using 'CodeIgniter\Session\Handlers\FileHandler' driver.
WARNING - 2026-03-30 23:17:58 --> [DEPRECATED] strtotime(): Passing null to parameter #1 ($datetime) of type string is deprecated in APPPATH\Views\feed\index.php on line 274.
 1 APPPATH\Views\feed\index.php(274): strtotime(null)
 2 SYSTEMPATH\View\View.php(240): include('C:\\Users\\Usuario\\Desktop\\rede-social\\app\\Views\\feed\\index.php')
 3 SYSTEMPATH\View\View.php(243): CodeIgniter\View\View->CodeIgniter\View\{closure}()
 4 SYSTEMPATH\Common.php(1250): CodeIgniter\View\View->render('feed/index', [], true)
 5 APPPATH\Controllers\PostController.php(24): view('feed/index', [...])
 6 SYSTEMPATH\CodeIgniter.php(951): App\Controllers\PostController->index()
 7 SYSTEMPATH\CodeIgniter.php(497): CodeIgniter\CodeIgniter->runController(Object(App\Controllers\PostController))
 8 SYSTEMPATH\CodeIgniter.php(340): CodeIgniter\CodeIgniter->handleRequest(null, Object(Config\Cache), false)
 9 SYSTEMPATH\Boot.php(417): CodeIgniter\CodeIgniter->run()
10 SYSTEMPATH\Boot.php(68): CodeIgniter\Boot::runCodeIgniter(Object(CodeIgniter\CodeIgniter))
11 FCPATH\index.php(59): CodeIgniter\Boot::bootWeb(Object(Config\Paths))
12 SYSTEMPATH\rewrite.php(44): require_once('C:\\Users\\Usuario\\Desktop\\rede-social\\public\\index.php')
DEBUG - 2026-03-30 23:21:46 --> Session: Class initialized using 'CodeIgniter\Session\Handlers\FileHandler' driver.
WARNING - 2026-03-30 23:21:46 --> [DEPRECATED] strtotime(): Passing null to parameter #1 ($datetime) of type string is deprecated in APPPATH\Views\feed\index.php on line 274.
 1 APPPATH\Views\feed\index.php(274): strtotime(null)
 2 SYSTEMPATH\View\View.php(240): include('C:\\Users\\Usuario\\Desktop\\rede-social\\app\\Views\\feed\\index.php')
 3 SYSTEMPATH\View\View.php(243): CodeIgniter\View\View->CodeIgniter\View\{closure}()
 4 SYSTEMPATH\Common.php(1250): CodeIgniter\View\View->render('feed/index', [], true)
 5 APPPATH\Controllers\PostController.php(24): view('feed/index', [...])
 6 SYSTEMPATH\CodeIgniter.php(951): App\Controllers\PostController->index()
 7 SYSTEMPATH\CodeIgniter.php(497): CodeIgniter\CodeIgniter->runController(Object(App\Controllers\PostController))
 8 SYSTEMPATH\CodeIgniter.php(340): CodeIgniter\CodeIgniter->handleRequest(null, Object(Config\Cache), false)
 9 SYSTEMPATH\Boot.php(417): CodeIgniter\CodeIgniter->run()
10 SYSTEMPATH\Boot.php(68): CodeIgniter\Boot::runCodeIgniter(Object(CodeIgniter\CodeIgniter))
11 FCPATH\index.php(59): CodeIgniter\Boot::bootWeb(Object(Config\Paths))
12 SYSTEMPATH\rewrite.php(44): require_once('C:\\Users\\Usuario\\Desktop\\rede-social\\public\\index.php')
DEBUG - 2026-03-30 23:22:56 --> Session: Class initialized using 'CodeIgniter\Session\Handlers\FileHandler' driver.
DEBUG - 2026-03-30 23:22:57 --> Session: Class initialized using 'CodeIgniter\Session\Handlers\FileHandler' driver.
WARNING - 2026-03-30 23:22:57 --> [DEPRECATED] strtotime(): Passing null to parameter #1 ($datetime) of type string is deprecated in APPPATH\Views\feed\index.php on line 274.
 1 APPPATH\Views\feed\index.php(274): strtotime(null)
 2 SYSTEMPATH\View\View.php(240): include('C:\\Users\\Usuario\\Desktop\\rede-social\\app\\Views\\feed\\index.php')
 3 SYSTEMPATH\View\View.php(243): CodeIgniter\View\View->CodeIgniter\View\{closure}()
 4 SYSTEMPATH\Common.php(1250): CodeIgniter\View\View->render('feed/index', [], true)
 5 APPPATH\Controllers\PostController.php(24): view('feed/index', [...])
 6 SYSTEMPATH\CodeIgniter.php(951): App\Controllers\PostController->index()
 7 SYSTEMPATH\CodeIgniter.php(497): CodeIgniter\CodeIgniter->runController(Object(App\Controllers\PostController))
 8 SYSTEMPATH\CodeIgniter.php(340): CodeIgniter\CodeIgniter->handleRequest(null, Object(Config\Cache), false)
 9 SYSTEMPATH\Boot.php(417): CodeIgniter\CodeIgniter->run()
10 SYSTEMPATH\Boot.php(68): CodeIgniter\Boot::runCodeIgniter(Object(CodeIgniter\CodeIgniter))
11 FCPATH\index.php(59): CodeIgniter\Boot::bootWeb(Object(Config\Paths))
12 SYSTEMPATH\rewrite.php(44): require_once('C:\\Users\\Usuario\\Desktop\\rede-social\\public\\index.php')
DEBUG - 2026-03-30 23:23:22 --> Session: Class initialized using 'CodeIgniter\Session\Handlers\FileHandler' driver.
DEBUG - 2026-03-30 23:23:22 --> Session: Class initialized using 'CodeIgniter\Session\Handlers\FileHandler' driver.
WARNING - 2026-03-30 23:23:23 --> [DEPRECATED] strtotime(): Passing null to parameter #1 ($datetime) of type string is deprecated in APPPATH\Views\feed\index.php on line 274.
 1 APPPATH\Views\feed\index.php(274): strtotime(null)
 2 SYSTEMPATH\View\View.php(240): include('C:\\Users\\Usuario\\Desktop\\rede-social\\app\\Views\\feed\\index.php')
 3 SYSTEMPATH\View\View.php(243): CodeIgniter\View\View->CodeIgniter\View\{closure}()
 4 SYSTEMPATH\Common.php(1250): CodeIgniter\View\View->render('feed/index', [], true)
 5 APPPATH\Controllers\PostController.php(24): view('feed/index', [...])
 6 SYSTEMPATH\CodeIgniter.php(951): App\Controllers\PostController->index()
 7 SYSTEMPATH\CodeIgniter.php(497): CodeIgniter\CodeIgniter->runController(Object(App\Controllers\PostController))
 8 SYSTEMPATH\CodeIgniter.php(340): CodeIgniter\CodeIgniter->handleRequest(null, Object(Config\Cache), false)
 9 SYSTEMPATH\Boot.php(417): CodeIgniter\CodeIgniter->run()
10 SYSTEMPATH\Boot.php(68): CodeIgniter\Boot::runCodeIgniter(Object(CodeIgniter\CodeIgniter))
11 FCPATH\index.php(59): CodeIgniter\Boot::bootWeb(Object(Config\Paths))
12 SYSTEMPATH\rewrite.php(44): require_once('C:\\Users\\Usuario\\Desktop\\rede-social\\public\\index.php')
DEBUG - 2026-03-30 23:30:41 --> Session: Class initialized using 'CodeIgniter\Session\Handlers\FileHandler' driver.
WARNING - 2026-03-30 23:30:41 --> [DEPRECATED] strtotime(): Passing null to parameter #1 ($datetime) of type string is deprecated in APPPATH\Views\feed\index.php on line 274.
 1 APPPATH\Views\feed\index.php(274): strtotime(null)
 2 SYSTEMPATH\View\View.php(240): include('C:\\Users\\Usuario\\Desktop\\rede-social\\app\\Views\\feed\\index.php')
 3 SYSTEMPATH\View\View.php(243): CodeIgniter\View\View->CodeIgniter\View\{closure}()
 4 SYSTEMPATH\Common.php(1250): CodeIgniter\View\View->render('feed/index', [], true)
 5 APPPATH\Controllers\PostController.php(24): view('feed/index', [...])
 6 SYSTEMPATH\CodeIgniter.php(951): App\Controllers\PostController->index()
 7 SYSTEMPATH\CodeIgniter.php(497): CodeIgniter\CodeIgniter->runController(Object(App\Controllers\PostController))
 8 SYSTEMPATH\CodeIgniter.php(340): CodeIgniter\CodeIgniter->handleRequest(null, Object(Config\Cache), false)
 9 SYSTEMPATH\Boot.php(417): CodeIgniter\CodeIgniter->run()
10 SYSTEMPATH\Boot.php(68): CodeIgniter\Boot::runCodeIgniter(Object(CodeIgniter\CodeIgniter))
11 FCPATH\index.php(59): CodeIgniter\Boot::bootWeb(Object(Config\Paths))
12 SYSTEMPATH\rewrite.php(44): require_once('C:\\Users\\Usuario\\Desktop\\rede-social\\public\\index.php')
DEBUG - 2026-03-30 23:32:19 --> Session: Class initialized using 'CodeIgniter\Session\Handlers\FileHandler' driver.
WARNING - 2026-03-30 23:32:19 --> [DEPRECATED] strtotime(): Passing null to parameter #1 ($datetime) of type string is deprecated in APPPATH\Views\feed\index.php on line 210.
 1 APPPATH\Views\feed\index.php(210): strtotime(null)
 2 SYSTEMPATH\View\View.php(240): include('C:\\Users\\Usuario\\Desktop\\rede-social\\app\\Views\\feed\\index.php')
 3 SYSTEMPATH\View\View.php(243): CodeIgniter\View\View->CodeIgniter\View\{closure}()
 4 SYSTEMPATH\Common.php(1250): CodeIgniter\View\View->render('feed/index', [], true)
 5 APPPATH\Controllers\PostController.php(24): view('feed/index', [...])
 6 SYSTEMPATH\CodeIgniter.php(951): App\Controllers\PostController->index()
 7 SYSTEMPATH\CodeIgniter.php(497): CodeIgniter\CodeIgniter->runController(Object(App\Controllers\PostController))
 8 SYSTEMPATH\CodeIgniter.php(340): CodeIgniter\CodeIgniter->handleRequest(null, Object(Config\Cache), false)
 9 SYSTEMPATH\Boot.php(417): CodeIgniter\CodeIgniter->run()
10 SYSTEMPATH\Boot.php(68): CodeIgniter\Boot::runCodeIgniter(Object(CodeIgniter\CodeIgniter))
11 FCPATH\index.php(59): CodeIgniter\Boot::bootWeb(Object(Config\Paths))
12 SYSTEMPATH\rewrite.php(44): require_once('C:\\Users\\Usuario\\Desktop\\rede-social\\public\\index.php')
DEBUG - 2026-03-30 23:39:25 --> Session: Class initialized using 'CodeIgniter\Session\Handlers\FileHandler' driver.
WARNING - 2026-03-30 23:39:25 --> [DEPRECATED] strtotime(): Passing null to parameter #1 ($datetime) of type string is deprecated in APPPATH\Views\feed\index.php on line 233.
 1 APPPATH\Views\feed\index.php(233): strtotime(null)
 2 SYSTEMPATH\View\View.php(240): include('C:\\Users\\Usuario\\Desktop\\rede-social\\app\\Views\\feed\\index.php')
 3 SYSTEMPATH\View\View.php(243): CodeIgniter\View\View->CodeIgniter\View\{closure}()
 4 SYSTEMPATH\Common.php(1250): CodeIgniter\View\View->render('feed/index', [], true)
 5 APPPATH\Controllers\PostController.php(24): view('feed/index', [...])
 6 SYSTEMPATH\CodeIgniter.php(951): App\Controllers\PostController->index()
 7 SYSTEMPATH\CodeIgniter.php(497): CodeIgniter\CodeIgniter->runController(Object(App\Controllers\PostController))
 8 SYSTEMPATH\CodeIgniter.php(340): CodeIgniter\CodeIgniter->handleRequest(null, Object(Config\Cache), false)
 9 SYSTEMPATH\Boot.php(417): CodeIgniter\CodeIgniter->run()
10 SYSTEMPATH\Boot.php(68): CodeIgniter\Boot::runCodeIgniter(Object(CodeIgniter\CodeIgniter))
11 FCPATH\index.php(59): CodeIgniter\Boot::bootWeb(Object(Config\Paths))
12 SYSTEMPATH\rewrite.php(44): require_once('C:\\Users\\Usuario\\Desktop\\rede-social\\public\\index.php')
DEBUG - 2026-03-30 23:39:30 --> Session: Class initialized using 'CodeIgniter\Session\Handlers\FileHandler' driver.
WARNING - 2026-03-30 23:39:30 --> [DEPRECATED] strtotime(): Passing null to parameter #1 ($datetime) of type string is deprecated in APPPATH\Views\feed\index.php on line 233.
 1 APPPATH\Views\feed\index.php(233): strtotime(null)
 2 SYSTEMPATH\View\View.php(240): include('C:\\Users\\Usuario\\Desktop\\rede-social\\app\\Views\\feed\\index.php')
 3 SYSTEMPATH\View\View.php(243): CodeIgniter\View\View->CodeIgniter\View\{closure}()
 4 SYSTEMPATH\Common.php(1250): CodeIgniter\View\View->render('feed/index', [], true)
 5 APPPATH\Controllers\PostController.php(24): view('feed/index', [...])
 6 SYSTEMPATH\CodeIgniter.php(951): App\Controllers\PostController->index()
 7 SYSTEMPATH\CodeIgniter.php(497): CodeIgniter\CodeIgniter->runController(Object(App\Controllers\PostController))
 8 SYSTEMPATH\CodeIgniter.php(340): CodeIgniter\CodeIgniter->handleRequest(null, Object(Config\Cache), false)
 9 SYSTEMPATH\Boot.php(417): CodeIgniter\CodeIgniter->run()
10 SYSTEMPATH\Boot.php(68): CodeIgniter\Boot::runCodeIgniter(Object(CodeIgniter\CodeIgniter))
11 FCPATH\index.php(59): CodeIgniter\Boot::bootWeb(Object(Config\Paths))
12 SYSTEMPATH\rewrite.php(44): require_once('C:\\Users\\Usuario\\Desktop\\rede-social\\public\\index.php')
DEBUG - 2026-03-30 23:39:35 --> Session: Class initialized using 'CodeIgniter\Session\Handlers\FileHandler' driver.
WARNING - 2026-03-30 23:39:36 --> [DEPRECATED] strtotime(): Passing null to parameter #1 ($datetime) of type string is deprecated in APPPATH\Views\feed\index.php on line 233.
 1 APPPATH\Views\feed\index.php(233): strtotime(null)
 2 SYSTEMPATH\View\View.php(240): include('C:\\Users\\Usuario\\Desktop\\rede-social\\app\\Views\\feed\\index.php')
 3 SYSTEMPATH\View\View.php(243): CodeIgniter\View\View->CodeIgniter\View\{closure}()
 4 SYSTEMPATH\Common.php(1250): CodeIgniter\View\View->render('feed/index', [], true)
 5 APPPATH\Controllers\PostController.php(24): view('feed/index', [...])
 6 SYSTEMPATH\CodeIgniter.php(951): App\Controllers\PostController->index()
 7 SYSTEMPATH\CodeIgniter.php(497): CodeIgniter\CodeIgniter->runController(Object(App\Controllers\PostController))
 8 SYSTEMPATH\CodeIgniter.php(340): CodeIgniter\CodeIgniter->handleRequest(null, Object(Config\Cache), false)
 9 SYSTEMPATH\Boot.php(417): CodeIgniter\CodeIgniter->run()
10 SYSTEMPATH\Boot.php(68): CodeIgniter\Boot::runCodeIgniter(Object(CodeIgniter\CodeIgniter))
11 FCPATH\index.php(59): CodeIgniter\Boot::bootWeb(Object(Config\Paths))
12 SYSTEMPATH\rewrite.php(44): require_once('C:\\Users\\Usuario\\Desktop\\rede-social\\public\\index.php')
DEBUG - 2026-03-30 23:40:22 --> Session: Class initialized using 'CodeIgniter\Session\Handlers\FileHandler' driver.
DEBUG - 2026-03-30 23:40:30 --> Session: Class initialized using 'CodeIgniter\Session\Handlers\FileHandler' driver.
CRITICAL - 2026-03-30 23:40:30 --> Error: Class "App\Models\PostModel" not found
[Method: GET, Route: perfil/0]
in APPPATH\Controllers\UserController.php on line 13.
 1 SYSTEMPATH\CodeIgniter.php(951): App\Controllers\UserController->perfil('0')
 2 SYSTEMPATH\CodeIgniter.php(497): CodeIgniter\CodeIgniter->runController(Object(App\Controllers\UserController))
 3 SYSTEMPATH\CodeIgniter.php(340): CodeIgniter\CodeIgniter->handleRequest(null, Object(Config\Cache), false)
 4 SYSTEMPATH\Boot.php(417): CodeIgniter\CodeIgniter->run()
 5 SYSTEMPATH\Boot.php(68): CodeIgniter\Boot::runCodeIgniter(Object(CodeIgniter\CodeIgniter))
 6 FCPATH\index.php(59): CodeIgniter\Boot::bootWeb(Object(Config\Paths))
 7 SYSTEMPATH\rewrite.php(44): require_once('C:\\Users\\Usuario\\Desktop\\rede-social\\public\\index.php')
DEBUG - 2026-03-30 23:40:44 --> Session: Class initialized using 'CodeIgniter\Session\Handlers\FileHandler' driver.
DEBUG - 2026-03-30 23:43:01 --> Session: Class initialized using 'CodeIgniter\Session\Handlers\FileHandler' driver.
DEBUG - 2026-03-30 23:43:10 --> Session: Class initialized using 'CodeIgniter\Session\Handlers\FileHandler' driver.
CRITICAL - 2026-03-30 23:43:10 --> CodeIgniter\View\Exceptions\ViewException: Invalid file: "perfil.php"
[Method: GET, Route: perfil/1]
in SYSTEMPATH\Exceptions\FrameworkException.php on line 39.
 1 SYSTEMPATH\View\View.php(228): CodeIgniter\Exceptions\FrameworkException::forInvalidFile('perfil.php')
 2 SYSTEMPATH\Common.php(1250): CodeIgniter\View\View->render('perfil', [], true)
 3 APPPATH\Controllers\UserController.php(19): view('perfil', [...])
 4 SYSTEMPATH\CodeIgniter.php(951): App\Controllers\UserController->perfil('1')
 5 SYSTEMPATH\CodeIgniter.php(497): CodeIgniter\CodeIgniter->runController(Object(App\Controllers\UserController))
 6 SYSTEMPATH\CodeIgniter.php(340): CodeIgniter\CodeIgniter->handleRequest(null, Object(Config\Cache), false)
 7 SYSTEMPATH\Boot.php(417): CodeIgniter\CodeIgniter->run()
 8 SYSTEMPATH\Boot.php(68): CodeIgniter\Boot::runCodeIgniter(Object(CodeIgniter\CodeIgniter))
 9 FCPATH\index.php(59): CodeIgniter\Boot::bootWeb(Object(Config\Paths))
10 SYSTEMPATH\rewrite.php(44): require_once('C:\\Users\\Usuario\\Desktop\\rede-social\\public\\index.php')
DEBUG - 2026-03-30 23:45:31 --> Session: Class initialized using 'CodeIgniter\Session\Handlers\FileHandler' driver.
DEBUG - 2026-03-30 23:45:35 --> Session: Class initialized using 'CodeIgniter\Session\Handlers\FileHandler' driver.
DEBUG - 2026-03-30 23:45:38 --> Session: Class initialized using 'CodeIgniter\Session\Handlers\FileHandler' driver.
CRITICAL - 2026-03-30 23:45:38 --> Error: Class "App\Models\PostModel" not found
[Method: GET, Route: perfil/0]
in APPPATH\Controllers\UserController.php on line 14.
 1 SYSTEMPATH\CodeIgniter.php(951): App\Controllers\UserController->perfil('0')
 2 SYSTEMPATH\CodeIgniter.php(497): CodeIgniter\CodeIgniter->runController(Object(App\Controllers\UserController))
 3 SYSTEMPATH\CodeIgniter.php(340): CodeIgniter\CodeIgniter->handleRequest(null, Object(Config\Cache), false)
 4 SYSTEMPATH\Boot.php(417): CodeIgniter\CodeIgniter->run()
 5 SYSTEMPATH\Boot.php(68): CodeIgniter\Boot::runCodeIgniter(Object(CodeIgniter\CodeIgniter))
 6 FCPATH\index.php(59): CodeIgniter\Boot::bootWeb(Object(Config\Paths))
 7 SYSTEMPATH\rewrite.php(44): require_once('C:\\Users\\Usuario\\Desktop\\rede-social\\public\\index.php')
